Archive member included to satisfy reference by file (symbol)

/usr/lib/gcc/arm-none-eabi/9.2.1/../../../arm-none-eabi/lib/thumb/v7e-m+fp/hard/libc.a(lib_a-atexit.o)
                              /usr/lib/gcc/arm-none-eabi/9.2.1/../../../arm-none-eabi/lib/thumb/v7e-m+fp/hard/crt0.o (atexit)
/usr/lib/gcc/arm-none-eabi/9.2.1/../../../arm-none-eabi/lib/thumb/v7e-m+fp/hard/libc.a(lib_a-ctype_.o)
                              _build/nrf_log_str_formatter.o (_ctype_)
/usr/lib/gcc/arm-none-eabi/9.2.1/../../../arm-none-eabi/lib/thumb/v7e-m+fp/hard/libc.a(lib_a-exit.o)
                              /usr/lib/gcc/arm-none-eabi/9.2.1/../../../arm-none-eabi/lib/thumb/v7e-m+fp/hard/crt0.o (exit)
/usr/lib/gcc/arm-none-eabi/9.2.1/../../../arm-none-eabi/lib/thumb/v7e-m+fp/hard/libc.a(lib_a-fini.o)
                              /usr/lib/gcc/arm-none-eabi/9.2.1/../../../arm-none-eabi/lib/thumb/v7e-m+fp/hard/crt0.o (__libc_fini_array)
/usr/lib/gcc/arm-none-eabi/9.2.1/../../../arm-none-eabi/lib/thumb/v7e-m+fp/hard/libc.a(lib_a-impure.o)
                              /usr/lib/gcc/arm-none-eabi/9.2.1/../../../arm-none-eabi/lib/thumb/v7e-m+fp/hard/libc.a(lib_a-exit.o) (_global_impure_ptr)
/usr/lib/gcc/arm-none-eabi/9.2.1/../../../arm-none-eabi/lib/thumb/v7e-m+fp/hard/libc.a(lib_a-init.o)
                              /usr/lib/gcc/arm-none-eabi/9.2.1/../../../arm-none-eabi/lib/thumb/v7e-m+fp/hard/crt0.o (__libc_init_array)
/usr/lib/gcc/arm-none-eabi/9.2.1/../../../arm-none-eabi/lib/thumb/v7e-m+fp/hard/libc.a(lib_a-malloc.o)
                              _build/virtual_timer.o (malloc)
/usr/lib/gcc/arm-none-eabi/9.2.1/../../../arm-none-eabi/lib/thumb/v7e-m+fp/hard/libc.a(lib_a-mallocr.o)
                              /usr/lib/gcc/arm-none-eabi/9.2.1/../../../arm-none-eabi/lib/thumb/v7e-m+fp/hard/libc.a(lib_a-malloc.o) (_malloc_r)
/usr/lib/gcc/arm-none-eabi/9.2.1/../../../arm-none-eabi/lib/thumb/v7e-m+fp/hard/libc.a(lib_a-memcpy.o)
                              _build/app_scheduler.o (memcpy)
/usr/lib/gcc/arm-none-eabi/9.2.1/../../../arm-none-eabi/lib/thumb/v7e-m+fp/hard/libc.a(lib_a-memset.o)
                              /usr/lib/gcc/arm-none-eabi/9.2.1/../../../arm-none-eabi/lib/thumb/v7e-m+fp/hard/crt0.o (memset)
/usr/lib/gcc/arm-none-eabi/9.2.1/../../../arm-none-eabi/lib/thumb/v7e-m+fp/hard/libc.a(lib_a-mlock.o)
                              /usr/lib/gcc/arm-none-eabi/9.2.1/../../../arm-none-eabi/lib/thumb/v7e-m+fp/hard/libc.a(lib_a-mallocr.o) (__malloc_lock)
/usr/lib/gcc/arm-none-eabi/9.2.1/../../../arm-none-eabi/lib/thumb/v7e-m+fp/hard/libc.a(lib_a-printf.o)
                              _build/virtual_timer_linked_list.o (printf)
/usr/lib/gcc/arm-none-eabi/9.2.1/../../../arm-none-eabi/lib/thumb/v7e-m+fp/hard/libc.a(lib_a-sbrkr.o)
                              /usr/lib/gcc/arm-none-eabi/9.2.1/../../../arm-none-eabi/lib/thumb/v7e-m+fp/hard/libc.a(lib_a-mallocr.o) (_sbrk_r)
/usr/lib/gcc/arm-none-eabi/9.2.1/../../../arm-none-eabi/lib/thumb/v7e-m+fp/hard/libc.a(lib_a-setbuf.o)
                              _build/before_startup.o (setbuf)
/usr/lib/gcc/arm-none-eabi/9.2.1/../../../arm-none-eabi/lib/thumb/v7e-m+fp/hard/libc.a(lib_a-setvbuf.o)
                              /usr/lib/gcc/arm-none-eabi/9.2.1/../../../arm-none-eabi/lib/thumb/v7e-m+fp/hard/libc.a(lib_a-setbuf.o) (setvbuf)
/usr/lib/gcc/arm-none-eabi/9.2.1/../../../arm-none-eabi/lib/thumb/v7e-m+fp/hard/libc.a(lib_a-strcpy.o)
                              _build/SEGGER_RTT.o (strcpy)
/usr/lib/gcc/arm-none-eabi/9.2.1/../../../arm-none-eabi/lib/thumb/v7e-m+fp/hard/libc.a(lib_a-strlen.o)
                              _build/nrf_fprintf_format.o (strlen)
/usr/lib/gcc/arm-none-eabi/9.2.1/../../../arm-none-eabi/lib/thumb/v7e-m+fp/hard/libc.a(lib_a-vfprintf.o)
                              /usr/lib/gcc/arm-none-eabi/9.2.1/../../../arm-none-eabi/lib/thumb/v7e-m+fp/hard/libc.a(lib_a-printf.o) (_vfprintf_r)
/usr/lib/gcc/arm-none-eabi/9.2.1/../../../arm-none-eabi/lib/thumb/v7e-m+fp/hard/libc.a(lib_a-vsnprintf.o)
                              _build/simple_logger.o (vsnprintf)
/usr/lib/gcc/arm-none-eabi/9.2.1/../../../arm-none-eabi/lib/thumb/v7e-m+fp/hard/libc.a(lib_a-wsetup.o)
                              /usr/lib/gcc/arm-none-eabi/9.2.1/../../../arm-none-eabi/lib/thumb/v7e-m+fp/hard/libc.a(lib_a-vfprintf.o) (__swsetup_r)
/usr/lib/gcc/arm-none-eabi/9.2.1/../../../arm-none-eabi/lib/thumb/v7e-m+fp/hard/libc.a(lib_a-__atexit.o)
                              /usr/lib/gcc/arm-none-eabi/9.2.1/../../../arm-none-eabi/lib/thumb/v7e-m+fp/hard/libc.a(lib_a-atexit.o) (__register_exitproc)
/usr/lib/gcc/arm-none-eabi/9.2.1/../../../arm-none-eabi/lib/thumb/v7e-m+fp/hard/libc.a(lib_a-__call_atexit.o)
                              /usr/lib/gcc/arm-none-eabi/9.2.1/../../../arm-none-eabi/lib/thumb/v7e-m+fp/hard/libc.a(lib_a-exit.o) (__call_exitprocs)
/usr/lib/gcc/arm-none-eabi/9.2.1/../../../arm-none-eabi/lib/thumb/v7e-m+fp/hard/libc.a(lib_a-dtoa.o)
[...]
Memory Configuration

Name             Origin             Length             Attributes
FLASH            0x0000000000000000 0x0000000000080000 xr
RAM              0x0000000020000000 0x0000000000010000 xrw
*default*        0x0000000000000000 0xffffffffffffffff

Linker script and memory map


.text           0x0000000000000000     0xaaf8
 *(.isr_vector)
 .isr_vector    0x0000000000000000      0x200 _build/gcc_startup_nrf52.os
                0x0000000000000000                __isr_vector
 *(.text*)
 .text          0x0000000000000200       0x88 /usr/lib/gcc/arm-none-eabi/9.2.1/thumb/v7e-m+fp/hard/crtbegin.o
 .text          0x0000000000000288       0x70 /usr/lib/gcc/arm-none-eabi/9.2.1/../../../arm-none-eabi/lib/thumb/v7e-m+fp/hard/crt0.o
                0x0000000000000288                _stack_init
                0x0000000000000290                _mainCRTStartup
                0x0000000000000290                _start
 .text.list_insert_sorted
                0x00000000000002f8       0x64 _build/virtual_timer_linked_list.o
                0x00000000000002f8                list_insert_sorted
 .text.list_get_first
                0x000000000000035c        0xc _build/virtual_timer_linked_list.o
                0x000000000000035c                list_get_first
 .text.list_remove_first
                0x0000000000000368       0x10 _build/virtual_timer_linked_list.o
                0x0000000000000368                list_remove_first
 .text.gpio_config
                0x0000000000000378       0x24 _build/gpio.o
                0x0000000000000378                gpio_config
 .text.gpio_set
                0x000000000000039c       0x18 _build/gpio.o
                0x000000000000039c                gpio_set
 .text.gpio_clear
                0x00000000000003b4       0x18 _build/gpio.o
                0x00000000000003b4                gpio_clear
 .text.gpio_read
                0x00000000000003cc       0x1c _build/gpio.o
                0x00000000000003cc                gpio_read
 .text.startup.main
                0x00000000000003e8       0xec _build/main.o
                0x00000000000003e8                main
 .text.TIMER4_IRQHandler
                0x00000000000004d4       0x68 _build/virtual_timer.o
                0x00000000000004d4                TIMER4_IRQHandler
 .text.read_timer
                0x000000000000053c       0x10 _build/virtual_timer.o
                0x000000000000053c                read_timer
 .text.virtual_timer_init
                0x000000000000054c       0x34 _build/virtual_timer.o
                0x000000000000054c                virtual_timer_init
 .text.app_error_save_and_stop
                0x0000000000000580       0x58 _build/app_error.o
                0x0000000000000580                app_error_save_and_stop
 .text.app_error_handler
                0x00000000000005d8       0x1a _build/app_error_handler_gcc.o
                0x00000000000005d8                app_error_handler
 *fill*         0x00000000000005f2        0x2 
 .text.nrfx_coredep_delay_us.part.0.constprop.0
                0x00000000000005f4       0x10 _build/app_timer.o
 .text.RTC1_IRQHandler
                0x0000000000000604       0x9c _build/app_timer.o
                0x0000000000000604                RTC1_IRQHandler
 .text.SWI0_EGU0_IRQHandler
                0x00000000000006a0      0x2b8 _build/app_timer.o
                0x00000000000006a0                SWI0_EGU0_IRQHandler
 .text.app_util_disable_irq
                0x0000000000000958       0x10 _build/app_util_platform.o
                0x0000000000000958                app_util_disable_irq
 .text.app_util_enable_irq
                0x0000000000000968       0x14 _build/app_util_platform.o
                0x0000000000000968                app_util_enable_irq
 .text.privilege_level_get
                0x000000000000097c       0x1a _build/app_util_platform.o
                0x000000000000097c                privilege_level_get
 *fill*         0x0000000000000996        0x2 
 .text.app_util_critical_region_enter
                0x0000000000000998       0x20 _build/app_util_platform.o
                0x0000000000000998                app_util_critical_region_enter
 .text.app_util_critical_region_exit
                0x00000000000009b8       0x20 _build/app_util_platform.o
                0x00000000000009b8                app_util_critical_region_exit
 .text.startup.called_first
                0x00000000000009d8       0x10 _build/before_startup.o
                0x00000000000009d8                called_first
 .text.HardFault_Handler
                0x00000000000009e8       0x34 _build/hardfault_handler_gcc.o
                0x00000000000009e8                HardFault_Handler
 .text.HardFault_process
                0x0000000000000a1c       0x24 _build/hardfault_implementation.o
                0x0000000000000a1c                HardFault_process
 .text.HardFault_c_handler
                0x0000000000000a40      0x104 _build/hardfault_implementation.o
                0x0000000000000a40                HardFault_c_handler
 .text.assert_nrf_callback
                0x0000000000000b44       0x1a _build/nrf_assert.o
                0x0000000000000b44                assert_nrf_callback
 .text.nrf_atomic_u32_fetch_store
                0x0000000000000b5e       0x16 _build/nrf_atomic.o
                0x0000000000000b5e                nrf_atomic_u32_fetch_store
 .text.nrf_atomic_u32_or
                0x0000000000000b74       0x18 _build/nrf_atomic.o
                0x0000000000000b74                nrf_atomic_u32_or
 .text.nrf_atomic_u32_fetch_and
                0x0000000000000b8c       0x18 _build/nrf_atomic.o
                0x0000000000000b8c                nrf_atomic_u32_fetch_and
 .text.nrf_atomic_u32_add
                0x0000000000000ba4       0x18 _build/nrf_atomic.o
                0x0000000000000ba4                nrf_atomic_u32_add
 .text.nrf_atomic_u32_sub
                0x0000000000000bbc       0x18 _build/nrf_atomic.o
                0x0000000000000bbc                nrf_atomic_u32_sub
 .text.nrf_atomic_flag_set
                0x0000000000000bd4        0x6 _build/nrf_atomic.o
                0x0000000000000bd4                nrf_atomic_flag_set
 .text.nrf_atomic_flag_clear_fetch
                0x0000000000000bda        0x6 _build/nrf_atomic.o
                0x0000000000000bda                nrf_atomic_flag_clear_fetch
 .text.nrf_balloc_init
                0x0000000000000be0       0x7c _build/nrf_balloc.o
                0x0000000000000be0                nrf_balloc_init
 .text.nrf_balloc_alloc
                0x0000000000000c5c       0x54 _build/nrf_balloc.o
                0x0000000000000c5c                nrf_balloc_alloc
 .text.nrf_balloc_free
                0x0000000000000cb0       0x48 _build/nrf_balloc.o
                0x0000000000000cb0                nrf_balloc_free
 .text.nrf_fprintf_buffer_flush
                0x0000000000000cf8       0x24 _build/nrf_fprintf.o
                0x0000000000000cf8                nrf_fprintf_buffer_flush
 .text.nrf_fprintf
                0x0000000000000d1c       0x54 _build/nrf_fprintf.o
                0x0000000000000d1c                nrf_fprintf
 .text.buffer_add
                0x0000000000000d70       0x1e _build/nrf_fprintf_format.o
 *fill*         0x0000000000000d8e        0x2 
 .text.unsigned_print
                0x0000000000000d90       0xb4 _build/nrf_fprintf_format.o
 .text.nrf_fprintf_fmt
                0x0000000000000e44      0x2d8 _build/nrf_fprintf_format.o
                0x0000000000000e44                nrf_fprintf_fmt
 .text.nrf_log_backend_rtt_flush
                0x000000000000111c        0x2 _build/nrf_log_backend_rtt.o
 *fill*         0x000000000000111e        0x2 
 .text.nrf_log_backend_rtt_put
                0x0000000000001120       0x1c _build/nrf_log_backend_rtt.o
 .text.serial_tx
                0x000000000000113c       0x50 _build/nrf_log_backend_rtt.o
 .text.nrf_log_backend_rtt_panic_set
                0x000000000000118c        0x2 _build/nrf_log_backend_rtt.o
 .text.nrf_log_backend_rtt_init
                0x000000000000118e        0x4 _build/nrf_log_backend_rtt.o
                0x000000000000118e                nrf_log_backend_rtt_init
 .text.nrf_log_backend_serial_put
                0x0000000000001192       0xc2 _build/nrf_log_backend_serial.o
                0x0000000000001192                nrf_log_backend_serial_put
 .text.nrf_log_default_backends_init
                0x0000000000001254       0x30 _build/nrf_log_default_backends.o
                0x0000000000001254                nrf_log_default_backends_init
 .text.invalid_packets_omit
                0x0000000000001284       0x3a _build/nrf_log_frontend.o
 *fill*         0x00000000000012be        0x2 
 .text.buf_prealloc
                0x00000000000012c0      0x144 _build/nrf_log_frontend.o
 .text.nrf_log_init
                0x0000000000001404       0x3c _build/nrf_log_frontend.o
                0x0000000000001404                nrf_log_init
 .text.nrf_log_module_name_get
                0x0000000000001440       0x38 _build/nrf_log_frontend.o
                0x0000000000001440                nrf_log_module_name_get
 .text.nrf_log_color_id_get
                0x0000000000001478       0x2c _build/nrf_log_frontend.o
                0x0000000000001478                nrf_log_color_id_get
 .text.buffer_is_empty
                0x00000000000014a4       0x14 _build/nrf_log_frontend.o
                0x00000000000014a4                buffer_is_empty
 .text.nrf_log_frontend_dequeue
                0x00000000000014b8      0x218 _build/nrf_log_frontend.o
                0x00000000000014b8                nrf_log_frontend_dequeue
 .text.std_n    0x00000000000016d0       0xb8 _build/nrf_log_frontend.o
 .text.nrf_log_frontend_std_0
                0x0000000000001788        0x8 _build/nrf_log_frontend.o
                0x0000000000001788                nrf_log_frontend_std_0
 .text.nrf_log_frontend_std_1
                0x0000000000001790       0x12 _build/nrf_log_frontend.o
                0x0000000000001790                nrf_log_frontend_std_1
 .text.nrf_log_frontend_std_2
                0x00000000000017a2       0x14 _build/nrf_log_frontend.o
                0x00000000000017a2                nrf_log_frontend_std_2
 .text.nrf_log_frontend_std_3
                0x00000000000017b6       0x18 _build/nrf_log_frontend.o
                0x00000000000017b6                nrf_log_frontend_std_3
 .text.nrf_log_frontend_std_4
                0x00000000000017ce       0x1c _build/nrf_log_frontend.o
                0x00000000000017ce                nrf_log_frontend_std_4
 .text.nrf_log_frontend_std_5
                0x00000000000017ea       0x20 _build/nrf_log_frontend.o
                0x00000000000017ea                nrf_log_frontend_std_5
 *fill*         0x000000000000180a        0x2 
 .text.nrf_log_backend_add
                0x000000000000180c       0x54 _build/nrf_log_frontend.o
                0x000000000000180c                nrf_log_backend_add
 .text.nrf_log_panic
                0x0000000000001860       0x2c _build/nrf_log_frontend.o
                0x0000000000001860                nrf_log_panic
 .text.postfix_process
                0x000000000000188c       0x44 _build/nrf_log_str_formatter.o
 .text.prefix_process
                0x00000000000018d0       0x7c _build/nrf_log_str_formatter.o
 .text.nrf_log_std_entry_process
                0x000000000000194c       0xc8 _build/nrf_log_str_formatter.o
                0x000000000000194c                nrf_log_std_entry_process
 .text.nrf_log_hexdump_entry_process
                0x0000000000001a14       0xbc _build/nrf_log_str_formatter.o
                0x0000000000001a14                nrf_log_hexdump_entry_process
 .text.nrf_ringbuf_init
                0x0000000000001ad0       0x1c _build/nrf_ringbuf.o
                0x0000000000001ad0                nrf_ringbuf_init
 .text.memobj_op
                0x0000000000001aec       0xa8 _build/nrf_memobj.o
 .text.nrf_memobj_pool_init
                0x0000000000001b94        0x4 _build/nrf_memobj.o
                0x0000000000001b94                nrf_memobj_pool_init
 .text.nrf_memobj_free
                0x0000000000001b98       0x2c _build/nrf_memobj.o
                0x0000000000001b98                nrf_memobj_free
 .text.nrf_memobj_alloc
                0x0000000000001bc4       0x5e _build/nrf_memobj.o
                0x0000000000001bc4                nrf_memobj_alloc
 .text.nrf_memobj_get
                0x0000000000001c22        0x8 _build/nrf_memobj.o
                0x0000000000001c22                nrf_memobj_get
 .text.nrf_memobj_put
                0x0000000000001c2a       0x1e _build/nrf_memobj.o
                0x0000000000001c2a                nrf_memobj_put
 .text.nrf_memobj_write
                0x0000000000001c48       0x28 _build/nrf_memobj.o
                0x0000000000001c48                nrf_memobj_write
 .text.nrf_memobj_read
                0x0000000000001c70       0x28 _build/nrf_memobj.o
                0x0000000000001c70                nrf_memobj_read
 .text.nrf_strerror_find
                0x0000000000001c98       0x3c _build/nrf_strerror.o
                0x0000000000001c98                nrf_strerror_find
 .text.nrf_strerror_get
                0x0000000000001cd4       0x14 _build/nrf_strerror.o
                0x0000000000001cd4                nrf_strerror_get
 .text.UARTE0_UART0_IRQHandler
                0x0000000000001ce8       0x20 _build/nrfx_prs.o
                0x0000000000001ce8                UARTE0_UART0_IRQHandler
 .text.nrf_saadc_event_clear
                0x0000000000001d08       0x18 _build/nrfx_saadc.o
 .text.SAADC_IRQHandler
                0x0000000000001d20      0x160 _build/nrfx_saadc.o
                0x0000000000001d20                SAADC_IRQHandler
 .text.nrf_gpio_pin_port_decode.isra.0.part.0
                0x0000000000001e80       0x10 _build/nrfx_spim.o
 .text.nrf_gpio_pin_clear
                0x0000000000001e90       0x1c _build/nrfx_spim.o
 .text.nrf_gpio_pin_set
                0x0000000000001eac       0x1c _build/nrfx_spim.o
 .text.SPIM1_SPIS1_TWIM1_TWIS1_SPI1_TWI1_IRQHandler
                0x0000000000001ec8       0x64 _build/nrfx_spim.o
                0x0000000000001ec8                SPIM1_SPIS1_TWIM1_TWIS1_SPI1_TWI1_IRQHandler
 .text.nrf_twim_event_clear
                0x0000000000001f2c       0x10 _build/nrfx_twim.o
 .text.SPIM0_SPIS0_TWIM0_TWIS0_SPI0_TWI0_IRQHandler
                0x0000000000001f3c      0x154 _build/nrfx_twim.o
                0x0000000000001f3c                SPIM0_SPIS0_TWIM0_TWIS0_SPI0_TWI0_IRQHandler
 .text._GetAvailWriteSpace
                0x0000000000002090       0x1c _build/SEGGER_RTT.o
 .text._WriteNoCheck
                0x00000000000020ac       0x38 _build/SEGGER_RTT.o
 .text._WriteBlocking
                0x00000000000020e4       0x52 _build/SEGGER_RTT.o
 *fill*         0x0000000000002136        0x2 
 .text._DoInit  0x0000000000002138       0x60 _build/SEGGER_RTT.o
 .text.SEGGER_RTT_WriteNoLock
                0x0000000000002198       0x68 _build/SEGGER_RTT.o
                0x0000000000002198                SEGGER_RTT_WriteNoLock
 .text.SEGGER_RTT_Write
                0x0000000000002200       0x34 _build/SEGGER_RTT.o
                0x0000000000002200                SEGGER_RTT_Write
 .text.SEGGER_RTT_Init
                0x0000000000002234        0x4 _build/SEGGER_RTT.o
                0x0000000000002234                SEGGER_RTT_Init
 .text._write_r
                0x0000000000002238       0x12 _build/SEGGER_RTT_Syscalls_GCC.o
                0x0000000000002238                _write_r
 *fill*         0x000000000000224a        0x2 
 .text.errata_12
                0x000000000000224c       0x40 _build/system_nrf52.o
 .text.errata_16
                0x000000000000228c       0x34 _build/system_nrf52.o
 .text.SystemInit
                0x00000000000022c0      0x25c _build/system_nrf52.o
                0x00000000000022c0                SystemInit
 .text.app_error_fault_handler
                0x000000000000251c       0xb0 _build/app_error_weak.o
                0x000000000000251c                app_error_fault_handler
 .text          0x00000000000025cc       0x3c _build/gcc_startup_nrf52.os
                0x00000000000025cc                Reset_Handler
                0x00000000000025f4                NMI_Handler
                0x00000000000025f8                MemoryManagement_Handler
                0x00000000000025fa                BusFault_Handler
                0x00000000000025fc                UsageFault_Handler
                0x00000000000025fe                SVC_Handler
                0x0000000000002600                DebugMon_Handler
                0x0000000000002602                PendSV_Handler
                0x0000000000002604                SysTick_Handler
                0x0000000000002606                TIMER2_IRQHandler
                0x0000000000002606                RTC0_IRQHandler
                0x0000000000002606                SWI2_EGU2_IRQHandler
                0x0000000000002606                GPIOTE_IRQHandler
                0x0000000000002606                PWM1_IRQHandler
                0x0000000000002606                POWER_CLOCK_IRQHandler
                0x0000000000002606                RADIO_IRQHandler
                0x0000000000002606                PDM_IRQHandler
                0x0000000000002606                TEMP_IRQHandler
                0x0000000000002606                QDEC_IRQHandler
                0x0000000000002606                TIMER3_IRQHandler
                0x0000000000002606                FPU_IRQHandler
                0x0000000000002606                I2S_IRQHandler
                0x0000000000002606                SWI4_EGU4_IRQHandler
                0x0000000000002606                TIMER0_IRQHandler
                0x0000000000002606                TIMER1_IRQHandler
                0x0000000000002606                PWM2_IRQHandler
                0x0000000000002606                ECB_IRQHandler
                0x0000000000002606                Default_Handler
                0x0000000000002606                CCM_AAR_IRQHandler
                0x0000000000002606                WDT_IRQHandler
                0x0000000000002606                SWI5_EGU5_IRQHandler
                0x0000000000002606                RNG_IRQHandler
                0x0000000000002606                RTC2_IRQHandler
                0x0000000000002606                PWM0_IRQHandler
                0x0000000000002606                SWI3_EGU3_IRQHandler
                0x0000000000002606                SWI1_EGU1_IRQHandler
                0x0000000000002606                SPIM2_SPIS2_SPI2_IRQHandler
                0x0000000000002606                NFCT_IRQHandler
                0x0000000000002606                MWU_IRQHandler
                0x0000000000002606                COMP_LPCOMP_IRQHandler
 .text          0x0000000000002608        0xc /usr/lib/gcc/arm-none-eabi/9.2.1/../../../arm-none-eabi/lib/thumb/v7e-m+fp/hard/libc.a(lib_a-atexit.o)
                0x0000000000002608                atexit
 .text          0x0000000000002614       0x20 /usr/lib/gcc/arm-none-eabi/9.2.1/../../../arm-none-eabi/lib/thumb/v7e-m+fp/hard/libc.a(lib_a-exit.o)
                0x0000000000002614                exit
 .text          0x0000000000002634       0x34 /usr/lib/gcc/arm-none-eabi/9.2.1/../../../arm-none-eabi/lib/thumb/v7e-m+fp/hard/libc.a(lib_a-fini.o)
                0x0000000000002634                __libc_fini_array
 .text          0x0000000000002668       0x48 /usr/lib/gcc/arm-none-eabi/9.2.1/../../../arm-none-eabi/lib/thumb/v7e-m+fp/hard/libc.a(lib_a-init.o)
                0x0000000000002668                __libc_init_array
 .text          0x00000000000026b0       0x20 /usr/lib/gcc/arm-none-eabi/9.2.1/../../../arm-none-eabi/lib/thumb/v7e-m+fp/hard/libc.a(lib_a-malloc.o)
                0x00000000000026b0                malloc
                0x00000000000026c0                free
 .text          0x00000000000026d0      0x564 /usr/lib/gcc/arm-none-eabi/9.2.1/../../../arm-none-eabi/lib/thumb/v7e-m+fp/hard/libc.a(lib_a-mallocr.o)
                0x00000000000026d0                _malloc_r
 .text          0x0000000000002c34      0x134 /usr/lib/gcc/arm-none-eabi/9.2.1/../../../arm-none-eabi/lib/thumb/v7e-m+fp/hard/libc.a(lib_a-memcpy.o)
                0x0000000000002c34                memcpy
 .text          0x0000000000002d68       0xa0 /usr/lib/gcc/arm-none-eabi/9.2.1/../../../arm-none-eabi/lib/thumb/v7e-m+fp/hard/libc.a(lib_a-memset.o)
                0x0000000000002d68                memset
 .text          0x0000000000002e08        0x8 /usr/lib/gcc/arm-none-eabi/9.2.1/../../../arm-none-eabi/lib/thumb/v7e-m+fp/hard/libc.a(lib_a-mlock.o)
                0x0000000000002e08                __malloc_lock
                0x0000000000002e0c                __malloc_unlock
 .text          0x0000000000002e10       0x48 /usr/lib/gcc/arm-none-eabi/9.2.1/../../../arm-none-eabi/lib/thumb/v7e-m+fp/hard/libc.a(lib_a-printf.o)
                0x0000000000002e10                _printf_r
                0x0000000000002e30                printf
 .text          0x0000000000002e58       0x24 /usr/lib/gcc/arm-none-eabi/9.2.1/../../../arm-none-eabi/lib/thumb/v7e-m+fp/hard/libc.a(lib_a-sbrkr.o)
                0x0000000000002e58                _sbrk_r
 .text          0x0000000000002e7c       0x10 /usr/lib/gcc/arm-none-eabi/9.2.1/../../../arm-none-eabi/lib/thumb/v7e-m+fp/hard/libc.a(lib_a-setbuf.o)
                0x0000000000002e7c                setbuf
 .text          0x0000000000002e8c      0x154 /usr/lib/gcc/arm-none-eabi/9.2.1/../../../arm-none-eabi/lib/thumb/v7e-m+fp/hard/libc.a(lib_a-setvbuf.o)
                0x0000000000002e8c                setvbuf
 .text          0x0000000000002fe0       0xbc /usr/lib/gcc/arm-none-eabi/9.2.1/../../../arm-none-eabi/lib/thumb/v7e-m+fp/hard/libc.a(lib_a-strcpy.o)
                0x0000000000002fe0                strcpy
 *fill*         0x000000000000309c       0x24 
 .text          0x00000000000030c0       0xdc /usr/lib/gcc/arm-none-eabi/9.2.1/../../../arm-none-eabi/lib/thumb/v7e-m+fp/hard/libc.a(lib_a-strlen.o)
                0x00000000000030c0                strlen
 *fill*         0x000000000000319c        0x4 
 .text          0x00000000000031a0     0x1580 /usr/lib/gcc/arm-none-eabi/9.2.1/../../../arm-none-eabi/lib/thumb/v7e-m+fp/hard/libc.a(lib_a-vfprintf.o)
                0x00000000000031a0                _vfprintf_r
                0x000000000000469c                vfprintf
 .text          0x0000000000004720       0xd0 /usr/lib/gcc/arm-none-eabi/9.2.1/../../../arm-none-eabi/lib/thumb/v7e-m+fp/hard/libc.a(lib_a-wsetup.o)
                0x0000000000004720                __swsetup_r
 .text          0x00000000000047f0       0x68 /usr/lib/gcc/arm-none-eabi/9.2.1/../../../arm-none-eabi/lib/thumb/v7e-m+fp/hard/libc.a(lib_a-__atexit.o)
                0x00000000000047f0                __register_exitproc
 .text          0x0000000000004858       0x9c /usr/lib/gcc/arm-none-eabi/9.2.1/../../../arm-none-eabi/lib/thumb/v7e-m+fp/hard/libc.a(lib_a-__call_atexit.o)
                0x0000000000004858                __call_exitprocs
 .text.startup  0x00000000000048f4       0x14 /usr/lib/gcc/arm-none-eabi/9.2.1/../../../arm-none-eabi/lib/thumb/v7e-m+fp/hard/libc.a(lib_a-__call_atexit.o)
 .text          0x0000000000004908      0xfc0 /usr/lib/gcc/arm-none-eabi/9.2.1/../../../arm-none-eabi/lib/thumb/v7e-m+fp/hard/libc.a(lib_a-dtoa.o)
                0x0000000000004a2c                _dtoa_r
 .text          0x00000000000058c8      0x1a4 /usr/lib/gcc/arm-none-eabi/9.2.1/../../../arm-none-eabi/lib/thumb/v7e-m+fp/hard/libc.a(lib_a-fflush.o)
                0x00000000000058c8                __sflush_r
                0x0000000000005a14                _fflush_r
                0x0000000000005a48                fflush
 .text          0x0000000000005a6c      0x1f4 /usr/lib/gcc/arm-none-eabi/9.2.1/../../../arm-none-eabi/lib/thumb/v7e-m+fp/hard/libc.a(lib_a-findfp.o)
                0x0000000000005a70                _cleanup_r
                0x0000000000005b54                __sfmoreglue
                0x0000000000005b84                __sfp
                0x0000000000005c0c                _cleanup
                0x0000000000005c20                __sinit
                0x0000000000005c28                __sfp_lock_acquire
                0x0000000000005c2c                __sfp_lock_release
                0x0000000000005c30                __sinit_lock_acquire
                0x0000000000005c34                __sinit_lock_release
                0x0000000000005c38                __fp_lock_all
                0x0000000000005c4c                __fp_unlock_all
 .text          0x0000000000005c60      0x294 /usr/lib/gcc/arm-none-eabi/9.2.1/../../../arm-none-eabi/lib/thumb/v7e-m+fp/hard/libc.a(lib_a-freer.o)
                0x0000000000005c60                _malloc_trim_r
                0x0000000000005d00                _free_r
 .text          0x0000000000005ef4       0xa0 /usr/lib/gcc/arm-none-eabi/9.2.1/../../../arm-none-eabi/lib/thumb/v7e-m+fp/hard/libc.a(lib_a-fwalk.o)
                0x0000000000005ef4                _fwalk
                0x0000000000005f40                _fwalk_reent
 .text          0x0000000000005f94       0x14 /usr/lib/gcc/arm-none-eabi/9.2.1/../../../arm-none-eabi/lib/thumb/v7e-m+fp/hard/libc.a(lib_a-localeconv.o)
                0x0000000000005f94                __localeconv_l
                0x0000000000005f98                _localeconv_r
                0x0000000000005fa0                localeconv
 .text          0x0000000000005fa8       0xf0 /usr/lib/gcc/arm-none-eabi/9.2.1/../../../arm-none-eabi/lib/thumb/v7e-m+fp/hard/libc.a(lib_a-makebuf.o)
                0x0000000000005fa8                __swhatbuf_r
                0x0000000000006004                __smakebuf_r
 *fill*         0x0000000000006098        0x8 
 .text          0x00000000000060a0       0xa0 /usr/lib/gcc/arm-none-eabi/9.2.1/../../../arm-none-eabi/lib/thumb/v7e-m+fp/hard/libc.a(lib_a-memchr.o)
                0x00000000000060a0                memchr
 .text          0x0000000000006140      0x9a8 /usr/lib/gcc/arm-none-eabi/9.2.1/../../../arm-none-eabi/lib/thumb/v7e-m+fp/hard/libc.a(lib_a-mprec.o)
                0x0000000000006140                _Balloc
                0x000000000000618c                _Bfree
                0x00000000000061a0                __multadd
                0x0000000000006244                __s2b
                0x00000000000062f0                __hi0bits
                0x0000000000006330                __lo0bits
                0x0000000000006390                __i2b
                0x00000000000063bc                __multiply
                0x0000000000006508                __pow5mult
                0x00000000000065a0                __lshift
                0x000000000000666c                __mcmp
                0x00000000000066a4                __mdiff
                0x00000000000067cc                __ulp
                0x000000000000681c                __b2d
                0x00000000000068d4                __d2b
                0x00000000000069a8                __ratio
                0x0000000000006a08                _mprec_log10
                0x0000000000006a48                __copybits
                0x0000000000006a90                __any_on
 .text          0x0000000000006ae8       0x90 /usr/lib/gcc/arm-none-eabi/9.2.1/../../../arm-none-eabi/lib/thumb/v7e-m+fp/hard/libc.a(lib_a-stdio.o)
                0x0000000000006ae8                __sread
                0x0000000000006b0c                __seofread
                0x0000000000006b10                __swrite
                0x0000000000006b50                __sseek
                0x0000000000006b70                __sclose
 .text          0x0000000000006b78      0xd00 /usr/lib/gcc/arm-none-eabi/9.2.1/../../../arm-none-eabi/lib/thumb/v7e-m+fp/hard/libc.a(lib_a-vfiprintf.o)
                0x0000000000006bf0                __sprint_r
                0x0000000000006c04                _vfiprintf_r
                0x00000000000077f4                vfiprintf
 .text          0x0000000000007878       0x48 /usr/lib/gcc/arm-none-eabi/9.2.1/../../../arm-none-eabi/lib/thumb/v7e-m+fp/hard/libc.a(lib_a-assert.o)
                0x0000000000007878                __assert_func
                0x00000000000078b4                __assert
 .text          0x00000000000078c0       0x60 /usr/lib/gcc/arm-none-eabi/9.2.1/../../../arm-none-eabi/lib/thumb/v7e-m+fp/hard/libc.a(lib_a-callocr.o)
                0x00000000000078c0                _calloc_r
 .text          0x0000000000007920       0x24 /usr/lib/gcc/arm-none-eabi/9.2.1/../../../arm-none-eabi/lib/thumb/v7e-m+fp/hard/libc.a(lib_a-closer.o)
                0x0000000000007920                _close_r
 .text          0x0000000000007944       0x98 /usr/lib/gcc/arm-none-eabi/9.2.1/../../../arm-none-eabi/lib/thumb/v7e-m+fp/hard/libc.a(lib_a-fclose.o)
                0x0000000000007944                _fclose_r
                0x00000000000079cc                fclose
 .text          0x00000000000079dc       0x44 /usr/lib/gcc/arm-none-eabi/9.2.1/../../../arm-none-eabi/lib/thumb/v7e-m+fp/hard/libc.a(lib_a-fiprintf.o)
                0x00000000000079dc                _fiprintf_r
                0x00000000000079f8                fiprintf
 .text          0x0000000000007a20      0x110 /usr/lib/gcc/arm-none-eabi/9.2.1/../../../arm-none-eabi/lib/thumb/v7e-m+fp/hard/libc.a(lib_a-fputwc.o)
                0x0000000000007a20                __fputwc
                0x0000000000007ac8                _fputwc_r
                0x0000000000007af0                fputwc
 .text          0x0000000000007b30       0x28 /usr/lib/gcc/arm-none-eabi/9.2.1/../../../arm-none-eabi/lib/thumb/v7e-m+fp/hard/libc.a(lib_a-fstatr.o)
                0x0000000000007b30                _fstat_r
 .text          0x0000000000007b58      0x308 /usr/lib/gcc/arm-none-eabi/9.2.1/../../../arm-none-eabi/lib/thumb/v7e-m+fp/hard/libc.a(lib_a-fvwrite.o)
                0x0000000000007b58                __sfvwrite_r
 .text          0x0000000000007e60       0x24 /usr/lib/gcc/arm-none-eabi/9.2.1/../../../arm-none-eabi/lib/thumb/v7e-m+fp/hard/libc.a(lib_a-isattyr.o)
                0x0000000000007e60                _isatty_r
 .text          0x0000000000007e84       0x5c /usr/lib/gcc/arm-none-eabi/9.2.1/../../../arm-none-eabi/lib/thumb/v7e-m+fp/hard/libc.a(lib_a-locale.o)
                0x0000000000007e84                _setlocale_r
                0x0000000000007ec4                __locale_mb_cur_max
                0x0000000000007ed0                setlocale
 .text          0x0000000000007ee0       0x2c /usr/lib/gcc/arm-none-eabi/9.2.1/../../../arm-none-eabi/lib/thumb/v7e-m+fp/hard/libc.a(lib_a-lseekr.o)
                0x0000000000007ee0                _lseek_r
 .text          0x0000000000007f0c       0x40 /usr/lib/gcc/arm-none-eabi/9.2.1/../../../arm-none-eabi/lib/thumb/v7e-m+fp/hard/libc.a(lib_a-mbtowc_r.o)
                0x0000000000007f0c                _mbtowc_r
                0x0000000000007f20                __ascii_mbtowc
 .text          0x0000000000007f4c       0xd0 /usr/lib/gcc/arm-none-eabi/9.2.1/../../../arm-none-eabi/lib/thumb/v7e-m+fp/hard/libc.a(lib_a-memmove.o)
                0x0000000000007f4c                memmove
 .text          0x000000000000801c       0x2c /usr/lib/gcc/arm-none-eabi/9.2.1/../../../arm-none-eabi/lib/thumb/v7e-m+fp/hard/libc.a(lib_a-readr.o)
                0x000000000000801c                _read_r
 .text          0x0000000000008048      0x36c /usr/lib/gcc/arm-none-eabi/9.2.1/../../../arm-none-eabi/lib/thumb/v7e-m+fp/hard/libc.a(lib_a-reallocr.o)
                0x0000000000008048                _realloc_r
 *fill*         0x00000000000083b4        0xc 
 .text          0x00000000000083c0      0x2dc /usr/lib/gcc/arm-none-eabi/9.2.1/../../../arm-none-eabi/lib/thumb/v7e-m+fp/hard/libc.a(lib_a-strcmp.o)
                0x00000000000083c8                strcmp
 .text          0x000000000000869c       0xc0 /usr/lib/gcc/arm-none-eabi/9.2.1/../../../arm-none-eabi/lib/thumb/v7e-m+fp/hard/libc.a(lib_a-wbuf.o)
                0x000000000000869c                __swbuf_r
                0x000000000000874c                __swbuf
 .text          0x000000000000875c       0x7c /usr/lib/gcc/arm-none-eabi/9.2.1/../../../arm-none-eabi/lib/thumb/v7e-m+fp/hard/libc.a(lib_a-wcrtomb.o)
                0x000000000000875c                _wcrtomb_r
                0x0000000000008790                wcrtomb
 .text          0x00000000000087d8       0x30 /usr/lib/gcc/arm-none-eabi/9.2.1/../../../arm-none-eabi/lib/thumb/v7e-m+fp/hard/libc.a(lib_a-wctomb_r.o)
                0x00000000000087d8                _wctomb_r
                0x00000000000087ec                __ascii_wctomb
 .text          0x0000000000008808       0x10 /usr/lib/gcc/arm-none-eabi/9.2.1/../../../arm-none-eabi/lib/thumb/v7e-m+fp/hard/libc.a(lib_a-abort.o)
                0x0000000000008808                abort
 .text          0x0000000000008818      0x15c /usr/lib/gcc/arm-none-eabi/9.2.1/../../../arm-none-eabi/lib/thumb/v7e-m+fp/hard/libc.a(lib_a-signal.o)
                0x0000000000008840                _init_signal_r
                0x000000000000884c                _signal_r
                0x0000000000008884                _raise_r
                0x00000000000088dc                __sigtramp_r
                0x0000000000008930                raise
                0x0000000000008940                signal
                0x0000000000008950                _init_signal
                0x0000000000008964                __sigtramp
 .text          0x0000000000008974       0x2c /usr/lib/gcc/arm-none-eabi/9.2.1/../../../arm-none-eabi/lib/thumb/v7e-m+fp/hard/libc.a(lib_a-signalr.o)
                0x0000000000008974                _kill_r
                0x000000000000899c                _getpid_r
 .text          0x00000000000089a0       0x10 /usr/lib/gcc/arm-none-eabi/9.2.1/../../../arm-none-eabi/lib/thumb/v7e-m+fp/hard/libnosys.a(close.o)
                0x00000000000089a0                _close
 .text          0x00000000000089b0       0x10 /usr/lib/gcc/arm-none-eabi/9.2.1/../../../arm-none-eabi/lib/thumb/v7e-m+fp/hard/libnosys.a(fstat.o)
                0x00000000000089b0                _fstat
 .text          0x00000000000089c0       0x10 /usr/lib/gcc/arm-none-eabi/9.2.1/../../../arm-none-eabi/lib/thumb/v7e-m+fp/hard/libnosys.a(getpid.o)
                0x00000000000089c0                _getpid
 .text          0x00000000000089d0       0x10 /usr/lib/gcc/arm-none-eabi/9.2.1/../../../arm-none-eabi/lib/thumb/v7e-m+fp/hard/libnosys.a(isatty.o)
                0x00000000000089d0                _isatty
 .text          0x00000000000089e0       0x10 /usr/lib/gcc/arm-none-eabi/9.2.1/../../../arm-none-eabi/lib/thumb/v7e-m+fp/hard/libnosys.a(kill.o)
                0x00000000000089e0                _kill
 .text          0x00000000000089f0       0x10 /usr/lib/gcc/arm-none-eabi/9.2.1/../../../arm-none-eabi/lib/thumb/v7e-m+fp/hard/libnosys.a(lseek.o)
                0x00000000000089f0                _lseek
 .text          0x0000000000008a00       0x10 /usr/lib/gcc/arm-none-eabi/9.2.1/../../../arm-none-eabi/lib/thumb/v7e-m+fp/hard/libnosys.a(read.o)
                0x0000000000008a00                _read
 .text          0x0000000000008a10       0x1c /usr/lib/gcc/arm-none-eabi/9.2.1/../../../arm-none-eabi/lib/thumb/v7e-m+fp/hard/libnosys.a(sbrk.o)
                0x0000000000008a10                _sbrk
 .text          0x0000000000008a2c        0x4 /usr/lib/gcc/arm-none-eabi/9.2.1/../../../arm-none-eabi/lib/thumb/v7e-m+fp/hard/libnosys.a(_exit.o)
                0x0000000000008a2c                _exit
 .text          0x0000000000008a30      0x378 /usr/lib/gcc/arm-none-eabi/9.2.1/thumb/v7e-m+fp/hard/libgcc.a(_arm_addsubdf3.o)
                0x0000000000008a30                __aeabi_drsub
                0x0000000000008a38                __aeabi_dsub
                0x0000000000008a38                __subdf3
                0x0000000000008a3c                __adddf3
                0x0000000000008a3c                __aeabi_dadd
                0x0000000000008cb4                __aeabi_ui2d
                0x0000000000008cb4                __floatunsidf
                0x0000000000008cd4                __floatsidf
                0x0000000000008cd4                __aeabi_i2d
                0x0000000000008cf8                __extendsfdf2
                0x0000000000008cf8                __aeabi_f2d
                0x0000000000008d3c                __aeabi_ul2d
                0x0000000000008d3c                __floatundidf
                0x0000000000008d4c                __floatdidf
                0x0000000000008d4c                __aeabi_l2d
 .text          0x0000000000008da8      0x424 /usr/lib/gcc/arm-none-eabi/9.2.1/thumb/v7e-m+fp/hard/libgcc.a(_arm_muldivdf3.o)
                0x0000000000008da8                __aeabi_dmul
                0x0000000000008da8                __muldf3
                0x0000000000008ffc                __aeabi_ddiv
                0x0000000000008ffc                __divdf3
 .text          0x00000000000091cc      0x110 /usr/lib/gcc/arm-none-eabi/9.2.1/thumb/v7e-m+fp/hard/libgcc.a(_arm_cmpdf2.o)
                0x00000000000091cc                __gtdf2
                0x00000000000091cc                __gedf2
                0x00000000000091d4                __ltdf2
                0x00000000000091d4                __ledf2
                0x00000000000091dc                __cmpdf2
                0x00000000000091dc                __eqdf2
                0x00000000000091dc                __nedf2
                0x0000000000009258                __aeabi_cdrcmple
                0x0000000000009268                __aeabi_cdcmple
                0x0000000000009268                __aeabi_cdcmpeq
                0x0000000000009278                __aeabi_dcmpeq
                0x000000000000928c                __aeabi_dcmplt
                0x00000000000092a0                __aeabi_dcmple
                0x00000000000092b4                __aeabi_dcmpge
                0x00000000000092c8                __aeabi_dcmpgt
 .text          0x00000000000092dc       0x2c /usr/lib/gcc/arm-none-eabi/9.2.1/thumb/v7e-m+fp/hard/libgcc.a(_arm_unorddf2.o)
                0x00000000000092dc                __aeabi_dcmpun
                0x00000000000092dc                __unorddf2
 .text          0x0000000000009308       0x50 /usr/lib/gcc/arm-none-eabi/9.2.1/thumb/v7e-m+fp/hard/libgcc.a(_arm_fixdfsi.o)
                0x0000000000009308                __fixdfsi
                0x0000000000009308                __aeabi_d2iz
 .text          0x0000000000009358       0x30 /usr/lib/gcc/arm-none-eabi/9.2.1/thumb/v7e-m+fp/hard/libgcc.a(_aeabi_uldivmod.o)
                0x0000000000009358                __aeabi_uldivmod
 .text          0x0000000000009388      0x2c4 /usr/lib/gcc/arm-none-eabi/9.2.1/thumb/v7e-m+fp/hard/libgcc.a(_udivmoddi4.o)
                0x0000000000009388                __udivmoddi4
 .text          0x000000000000964c        0x4 /usr/lib/gcc/arm-none-eabi/9.2.1/thumb/v7e-m+fp/hard/libgcc.a(_dvmd_tls.o)
                0x000000000000964c                __aeabi_ldiv0
                0x000000000000964c                __aeabi_idiv0
 *(.init)
 .init          0x0000000000009650        0x4 /usr/lib/gcc/arm-none-eabi/9.2.1/thumb/v7e-m+fp/hard/crti.o
                0x0000000000009650                _init
 .init          0x0000000000009654        0x8 /usr/lib/gcc/arm-none-eabi/9.2.1/thumb/v7e-m+fp/hard/crtn.o
 *(.fini)
 .fini          0x000000000000965c        0x4 /usr/lib/gcc/arm-none-eabi/9.2.1/thumb/v7e-m+fp/hard/crti.o
                0x000000000000965c                _fini
 .fini          0x0000000000009660        0x8 /usr/lib/gcc/arm-none-eabi/9.2.1/thumb/v7e-m+fp/hard/crtn.o
 *crtbegin.o(.ctors)
 *crtbegin?.o(.ctors)
 *(EXCLUDE_FILE(*crtend.o *crtend?.o) .ctors)
 *(SORT_BY_NAME(.ctors.*))
 *(.ctors)
 *crtbegin.o(.dtors)
 *crtbegin?.o(.dtors)
 *(EXCLUDE_FILE(*crtend.o *crtend?.o) .dtors)
 *(SORT_BY_NAME(.dtors.*))
 *(.dtors)
 *(.rodata*)
 .rodata.list_insert_sorted.str1.1
                0x0000000000009668       0x5e _build/virtual_timer_linked_list.o
 *fill*         0x00000000000096c6        0xa 
 .rodata.delay_machine_code.8289
                0x00000000000096d0        0x6 _build/virtual_timer_linked_list.o
 .rodata.main.str1.1
                0x00000000000096d6       0x21 _build/main.o
 *fill*         0x00000000000096f7        0x9 
 .rodata.delay_machine_code.8328
                0x0000000000009700        0x6 _build/main.o
 *fill*         0x0000000000009706        0xa 
 .rodata.delay_machine_code.8947
                0x0000000000009710        0x6 _build/app_timer.o
 .rodata.app_util_critical_region_enter.str1.1
                0x0000000000009716       0x55 _build/app_util_platform.o
 .rodata.HardFault_c_handler.str1.1
                0x000000000000976b      0x12e _build/hardfault_implementation.o
 .rodata.str1.1
                0x0000000000009899      0x4c0 _build/hardfault_implementation.o
 *fill*         0x0000000000009d59        0x3 
 .rodata.cfsr_msgs.9140
                0x0000000000009d5c       0x68 _build/hardfault_implementation.o
 .rodata.nrf_balloc_init.str1.1
                0x0000000000009dc4       0x50 _build/nrf_balloc.o
 .rodata.nrf_fprintf_buffer_flush.str1.1
                0x0000000000009e14       0x46 _build/nrf_fprintf.o
 .rodata.nrf_fprintf_fmt.str1.1
                0x0000000000009e5a       0x4d _build/nrf_fprintf_format.o
 .rodata._aV2C.7610
                0x0000000000009ea7       0x10 _build/nrf_fprintf_format.o
 *fill*         0x0000000000009eb7        0x9 
 .rodata.delay_machine_code.9221
                0x0000000000009ec0        0x6 _build/nrf_log_backend_rtt.o
 *fill*         0x0000000000009ec6        0x2 
 .rodata.nrf_log_backend_rtt_api
                0x0000000000009ec8        0xc _build/nrf_log_backend_rtt.o
                0x0000000000009ec8                nrf_log_backend_rtt_api
 .rodata.nrf_log_default_backends_init.str1.1
                0x0000000000009ed4       0x5f _build/nrf_log_default_backends.o
 .rodata.str1.1
                0x0000000000009f33       0x10 _build/nrf_log_default_backends.o
 .rodata.buf_prealloc.str1.1
                0x0000000000009f43       0x57 _build/nrf_log_frontend.o
 .rodata.nrf_log_frontend_dequeue.str1.1
                0x0000000000009f9a       0x11 _build/nrf_log_frontend.o
 .rodata.str1.1
                0x0000000000009fab        0x4 _build/nrf_log_frontend.o
 *fill*         0x0000000000009faf        0x1 
 .rodata.m_log_push_ringbuf
                0x0000000000009fb0        0xc _build/nrf_log_frontend.o
 .rodata.postfix_process.str1.1
                0x0000000000009fbc        0x8 _build/nrf_log_str_formatter.o
                                          0xb (size before relaxing)
 .rodata.prefix_process.str1.1
                0x0000000000009fc4       0x2a _build/nrf_log_str_formatter.o
 .rodata.nrf_log_hexdump_entry_process.str1.1
                0x0000000000009fee        0xf _build/nrf_log_str_formatter.o
                                         0x11 (size before relaxing)
 .rodata.str1.1
                0x0000000000009ffd       0x4b _build/nrf_log_str_formatter.o
                                         0x51 (size before relaxing)
 .rodata.m_colors
                0x000000000000a048       0x24 _build/nrf_log_str_formatter.o
 .rodata.severity_names
                0x000000000000a06c       0x14 _build/nrf_log_str_formatter.o
 .rodata.str1.1
                0x000000000000a080        0x9 _build/nrf_pwr_mgmt.o
 .rodata.memobj_op.str1.1
                0x000000000000a089       0x50 _build/nrf_memobj.o
 .rodata.str1.1
                0x000000000000a0d9      0x391 _build/nrf_strerror.o
 .rodata.m_unknown_str
                0x000000000000a46a       0x13 _build/nrf_strerror.o
 *fill*         0x000000000000a47d        0x3 
 .rodata.nrf_strerror_array
                0x000000000000a480      0x118 _build/nrf_strerror.o
 .rodata.UARTE0_UART0_IRQHandler.str1.1
                0x000000000000a598       0x4f _build/nrfx_prs.o
 .rodata.str1.1
                0x000000000000a5e7        0x4 _build/nrfx_prs.o
 .rodata.str1.1
                0x000000000000a5eb        0x6 _build/nrfx_saadc.o
 .rodata.nrf_gpio_pin_port_decode.isra.0.part.0.str1.1
                0x000000000000a5f1       0x43 _build/nrfx_spim.o
 .rodata.SPIM1_SPIS1_TWIM1_TWIS1_SPI1_TWI1_IRQHandler.str1.1
                0x000000000000a634       0x4c _build/nrfx_spim.o
 .rodata.str1.1
                0x000000000000a680        0x5 _build/nrfx_spim.o
 .rodata.SPIM0_SPIS0_TWIM0_TWIS0_SPI0_TWI0_IRQHandler.str1.1
                0x000000000000a685       0x4c _build/nrfx_twim.o
 .rodata.str1.1
                0x000000000000a6d1        0x5 _build/nrfx_twim.o
 .rodata.str1.1
                0x000000000000a6d6        0x5 _build/nrfx_uart.o
 .rodata.str1.1
                0x000000000000a6db        0x6 _build/nrfx_uarte.o
 .rodata._DoInit.str1.1
                0x000000000000a6e1       0x14 _build/SEGGER_RTT.o
 .rodata.app_error_fault_handler.str1.1
                0x000000000000a6f5       0x6c _build/app_error_weak.o
 *fill*         0x000000000000a761        0x3 
 .rodata        0x000000000000a764      0x101 /usr/lib/gcc/arm-none-eabi/9.2.1/../../../arm-none-eabi/lib/thumb/v7e-m+fp/hard/libc.a(lib_a-ctype_.o)
                0x000000000000a764                _ctype_
 *fill*         0x000000000000a865        0x3 
 .rodata        0x000000000000a868        0x4 /usr/lib/gcc/arm-none-eabi/9.2.1/../../../arm-none-eabi/lib/thumb/v7e-m+fp/hard/libc.a(lib_a-impure.o)
                0x000000000000a868                _global_impure_ptr
 .rodata        0x000000000000a86c       0x20 /usr/lib/gcc/arm-none-eabi/9.2.1/../../../arm-none-eabi/lib/thumb/v7e-m+fp/hard/libc.a(lib_a-vfprintf.o)
 .rodata.str1.4
                0x000000000000a88c       0x42 /usr/lib/gcc/arm-none-eabi/9.2.1/../../../arm-none-eabi/lib/thumb/v7e-m+fp/hard/libc.a(lib_a-vfprintf.o)
 *fill*         0x000000000000a8ce        0x2 
 .rodata.str1.4
                0x000000000000a8d0       0x56 /usr/lib/gcc/arm-none-eabi/9.2.1/../../../arm-none-eabi/lib/thumb/v7e-m+fp/hard/libc.a(lib_a-dtoa.o)
                                         0x5a (size before relaxing)
 *fill*         0x000000000000a926        0x2 
 .rodata        0x000000000000a928      0x128 /usr/lib/gcc/arm-none-eabi/9.2.1/../../../arm-none-eabi/lib/thumb/v7e-m+fp/hard/libc.a(lib_a-mprec.o)
                0x000000000000a938                __mprec_tens
                0x000000000000aa00                __mprec_tinytens
                0x000000000000aa28                __mprec_bigtens
 .rodata.str1.4
                0x000000000000aa50       0x33 /usr/lib/gcc/arm-none-eabi/9.2.1/../../../arm-none-eabi/lib/thumb/v7e-m+fp/hard/libc.a(lib_a-mprec.o)
                                         0x47 (size before relaxing)
 *fill*         0x000000000000aa83        0x1 
 .rodata        0x000000000000aa84       0x20 /usr/lib/gcc/arm-none-eabi/9.2.1/../../../arm-none-eabi/lib/thumb/v7e-m+fp/hard/libc.a(lib_a-vfiprintf.o)
 .rodata.str1.4
                0x000000000000aaa4       0x2f /usr/lib/gcc/arm-none-eabi/9.2.1/../../../arm-none-eabi/lib/thumb/v7e-m+fp/hard/libc.a(lib_a-vfiprintf.o)
 .rodata.str1.4
                0x000000000000aaa4       0x3f /usr/lib/gcc/arm-none-eabi/9.2.1/../../../arm-none-eabi/lib/thumb/v7e-m+fp/hard/libc.a(lib_a-assert.o)
                                         0x43 (size before relaxing)
 *fill*         0x000000000000aae3        0x1 
 .rodata.str1.4
                0x000000000000aae4        0xe /usr/lib/gcc/arm-none-eabi/9.2.1/../../../arm-none-eabi/lib/thumb/v7e-m+fp/hard/libc.a(lib_a-locale.o)
                                         0x12 (size before relaxing)
 *(.eh_frame*)
 *fill*         0x000000000000aaf2        0x2 
 .eh_frame      0x000000000000aaf4        0x0 /usr/lib/gcc/arm-none-eabi/9.2.1/thumb/v7e-m+fp/hard/crtbegin.o
 .eh_frame      0x000000000000aaf4        0x4 /usr/lib/gcc/arm-none-eabi/9.2.1/thumb/v7e-m+fp/hard/crtend.o

.glue_7         0x000000000000aaf8        0x0
 .glue_7        0x000000000000aaf8        0x0 linker stubs

.glue_7t        0x000000000000aaf8        0x0
 .glue_7t       0x000000000000aaf8        0x0 linker stubs

.vfp11_veneer   0x000000000000aaf8        0x0
 .vfp11_veneer  0x000000000000aaf8        0x0 linker stubs

.v4_bx          0x000000000000aaf8        0x0
 .v4_bx         0x000000000000aaf8        0x0 linker stubs

.iplt           0x000000000000aaf8        0x0
 .iplt          0x000000000000aaf8        0x0 /usr/lib/gcc/arm-none-eabi/9.2.1/thumb/v7e-m+fp/hard/crtbegin.o

.mem_section_dummy_rom

.log_const_data
                0x000000000000aaf8       0x48
                0x000000000000aaf8                PROVIDE (__start_log_const_data = .)
 *(SORT_BY_NAME(.log_const_data*))
 .log_const_data_PRS
                0x000000000000aaf8        0x8 _build/nrfx_prs.o
                0x000000000000aaf8                m_nrf_log_PRS_logs_data_const
 .log_const_data_SAADC
                0x000000000000ab00        0x8 _build/nrfx_saadc.o
                0x000000000000ab00                m_nrf_log_SAADC_logs_data_const
 .log_const_data_SPIM
                0x000000000000ab08        0x8 _build/nrfx_spim.o
                0x000000000000ab08                m_nrf_log_SPIM_logs_data_const
 .log_const_data_TWIM
                0x000000000000ab10        0x8 _build/nrfx_twim.o
                0x000000000000ab10                m_nrf_log_TWIM_logs_data_const
 .log_const_data_UART
                0x000000000000ab18        0x8 _build/nrfx_uart.o
                0x000000000000ab18                m_nrf_log_UART_logs_data_const
 .log_const_data_UARTE
                0x000000000000ab20        0x8 _build/nrfx_uarte.o
                0x000000000000ab20                m_nrf_log_UARTE_logs_data_const
 .log_const_data_app
                0x000000000000ab28        0x8 _build/nrf_log_frontend.o
                0x000000000000ab28                m_nrf_log_app_logs_data_const
 .log_const_data_hardfault
                0x000000000000ab30        0x8 _build/hardfault_implementation.o
                0x000000000000ab30                m_nrf_log_hardfault_logs_data_const
 .log_const_data_pwr_mgmt
                0x000000000000ab38        0x8 _build/nrf_pwr_mgmt.o
                0x000000000000ab38                m_nrf_log_pwr_mgmt_logs_data_const
                0x000000000000ab40                PROVIDE (__stop_log_const_data = .)

.nrf_balloc     0x000000000000ab40       0x14
                [!provide]                        PROVIDE (__start_nrf_balloc = .)
 *(.nrf_balloc)
 .nrf_balloc    0x000000000000ab40       0x14 _build/nrf_log_frontend.o
                0x000000000000ab40                log_mempool
                [!provide]                        PROVIDE (__stop_nrf_balloc = .)

.log_backends   0x000000000000ab54       0x10
 .log_backends  0x000000000000ab54       0x10 _build/nrf_log_default_backends.o

.nrf_queue      0x000000000000ab64        0x0
                [!provide]                        PROVIDE (__start_nrf_queue = .)
 *(.nrf_queue)
                [!provide]                        PROVIDE (__stop_nrf_queue = .)

.pwr_mgmt_data  0x000000000000ab64        0x0
                0x000000000000ab64                PROVIDE (__start_pwr_mgmt_data = .)
 *(SORT_BY_NAME(.pwr_mgmt_data*))
                0x000000000000ab64                PROVIDE (__stop_pwr_mgmt_data = .)

.crypto_data    0x000000000000ab64        0x0
                [!provide]                        PROVIDE (__start_crypto_data = .)
 *(SORT_BY_NAME(.crypto_data*))
                [!provide]                        PROVIDE (__stop_crypto_data = .)

.cli_command    0x000000000000ab64        0x0
                [!provide]                        PROVIDE (__start_cli_command = .)
 *(.cli_command)
                [!provide]                        PROVIDE (__stop_cli_command = .)

.ARM.extab
 *(.ARM.extab* .gnu.linkonce.armextab.*)
                0x000000000000ab64                __exidx_start = .

.ARM.exidx      0x000000000000ab64        0x8
 *(.ARM.exidx* .gnu.linkonce.armexidx.*)
 .ARM.exidx     0x000000000000ab64        0x8 /usr/lib/gcc/arm-none-eabi/9.2.1/../../../arm-none-eabi/lib/thumb/v7e-m+fp/hard/crt0.o
                                         0x10 (size before relaxing)
 .ARM.exidx     0x000000000000ab6c        0x0 /usr/lib/gcc/arm-none-eabi/9.2.1/thumb/v7e-m+fp/hard/libgcc.a(_udivmoddi4.o)
                                          0x8 (size before relaxing)
                0x000000000000ab6c                __exidx_end = .
                0x000000000000ab6c                __etext = .

.rel.dyn        0x000000000000ab6c        0x0
 .rel.iplt      0x000000000000ab6c        0x0 /usr/lib/gcc/arm-none-eabi/9.2.1/thumb/v7e-m+fp/hard/crtbegin.o

.data           0x0000000020000000      0x9cc load address 0x000000000000ab6c
                0x0000000020000000                __data_start__ = .
 *(vtable)
 *(.data*)
 .data.gpio_struct
                0x0000000020000000        0x4 _build/gpio.o
                0x0000000020000000                gpio_struct
 .data.log_backend_cb_rtt_log_backend
                0x0000000020000004        0x8 _build/nrf_log_default_backends.o
 .data.SystemCoreClock
                0x000000002000000c        0x4 _build/system_nrf52.o
                0x000000002000000c                SystemCoreClock
 .data          0x0000000020000010      0x430 /usr/lib/gcc/arm-none-eabi/9.2.1/../../../arm-none-eabi/lib/thumb/v7e-m+fp/hard/libc.a(lib_a-impure.o)
                0x0000000020000010                _impure_ptr
 .data          0x0000000020000440      0x410 /usr/lib/gcc/arm-none-eabi/9.2.1/../../../arm-none-eabi/lib/thumb/v7e-m+fp/hard/libc.a(lib_a-mallocr.o)
                0x0000000020000440                __malloc_av_
                0x0000000020000848                __malloc_sbrk_base
                0x000000002000084c                __malloc_trim_threshold
 .data          0x0000000020000850      0x16c /usr/lib/gcc/arm-none-eabi/9.2.1/../../../arm-none-eabi/lib/thumb/v7e-m+fp/hard/libc.a(lib_a-locale.o)
                0x0000000020000850                __global_locale
                0x00000000200009bc                . = ALIGN (0x4)
                0x00000000200009bc                PROVIDE (__preinit_array_start = .)
 *(.preinit_array)
                0x00000000200009bc                PROVIDE (__preinit_array_end = .)
                0x00000000200009bc                . = ALIGN (0x4)
                0x00000000200009bc                PROVIDE (__init_array_start = .)
 *(SORT_BY_NAME(.init_array.*))
 .init_array.00000
                0x00000000200009bc        0x4 /usr/lib/gcc/arm-none-eabi/9.2.1/../../../arm-none-eabi/lib/thumb/v7e-m+fp/hard/libc.a(lib_a-__call_atexit.o)
 *(.init_array)
 .init_array    0x00000000200009c0        0x4 /usr/lib/gcc/arm-none-eabi/9.2.1/thumb/v7e-m+fp/hard/crtbegin.o
 .init_array    0x00000000200009c4        0x4 _build/before_startup.o
                0x00000000200009c8                PROVIDE (__init_array_end = .)
                0x00000000200009c8                . = ALIGN (0x4)
                0x00000000200009c8                PROVIDE (__fini_array_start = .)
 *(SORT_BY_NAME(.fini_array.*))
 *(.fini_array)
 .fini_array    0x00000000200009c8        0x4 /usr/lib/gcc/arm-none-eabi/9.2.1/thumb/v7e-m+fp/hard/crtbegin.o
                0x00000000200009cc                PROVIDE (__fini_array_end = .)
 *(.jcr*)
                0x00000000200009cc                . = ALIGN (0x4)
                0x00000000200009cc                __data_end__ = .
LOAD /usr/lib/gcc/arm-none-eabi/9.2.1/thumb/v7e-m+fp/hard/crti.o
LOAD /usr/lib/gcc/arm-none-eabi/9.2.1/thumb/v7e-m+fp/hard/crtbegin.o
LOAD /usr/lib/gcc/arm-none-eabi/9.2.1/../../../arm-none-eabi/lib/thumb/v7e-m+fp/hard/crt0.o
START GROUP
LOAD _build/virtual_timer_linked_list.o
LOAD _build/gpio.o
LOAD _build/main.o
LOAD _build/virtual_timer.o
LOAD _build/app_error.o
LOAD _build/app_error_handler_gcc.o
LOAD _build/app_scheduler.o
LOAD _build/app_timer.o
LOAD _build/app_uart.o
LOAD _build/app_util_platform.o
LOAD _build/before_startup.o
LOAD _build/hardfault_handler_gcc.o
LOAD _build/hardfault_implementation.o
LOAD _build/nrf_assert.o
LOAD _build/nrf_atomic.o
LOAD _build/nrf_balloc.o
LOAD _build/nrf_drv_spi.o
LOAD _build/nrf_drv_twi.o
LOAD _build/nrf_drv_uart.o
LOAD _build/nrf_fprintf.o
LOAD _build/nrf_fprintf_format.o
LOAD _build/nrf_log_backend_rtt.o
LOAD _build/nrf_log_backend_serial.o
LOAD _build/nrf_log_backend_uart.o
LOAD _build/nrf_log_default_backends.o
LOAD _build/nrf_log_frontend.o
LOAD _build/nrf_log_str_formatter.o
LOAD _build/nrf_pwr_mgmt.o
LOAD _build/nrf_ringbuf.o
LOAD _build/nrf_memobj.o
LOAD _build/nrf_section_iter.o
LOAD _build/nrf_serial.o
LOAD _build/nrf_strerror.o
LOAD _build/nrf_queue.o
LOAD _build/nrfx_prs.o
LOAD _build/nrfx_saadc.o
LOAD _build/nrfx_spi.o
LOAD _build/nrfx_spim.o
LOAD _build/nrfx_timer.o
LOAD _build/nrfx_twi.o
LOAD _build/nrfx_twim.o
LOAD _build/nrfx_uart.o
LOAD _build/nrfx_uarte.o
LOAD _build/SEGGER_RTT.o
LOAD _build/SEGGER_RTT_Syscalls_GCC.o
LOAD _build/SEGGER_RTT_printf.o
LOAD _build/simple_logger.o
LOAD _build/ff.o
LOAD _build/mmc_nrf.o
LOAD _build/system_nrf52.o
LOAD _build/app_error_weak.o
LOAD _build/gcc_startup_nrf52.os
LOAD /usr/lib/gcc/arm-none-eabi/9.2.1/../../../arm-none-eabi/lib/thumb/v7e-m+fp/hard/libc.a
LOAD /usr/lib/gcc/arm-none-eabi/9.2.1/../../../arm-none-eabi/lib/thumb/v7e-m+fp/hard/libnosys.a
LOAD /usr/lib/gcc/arm-none-eabi/9.2.1/../../../arm-none-eabi/lib/thumb/v7e-m+fp/hard/libm.a
LOAD /usr/lib/gcc/arm-none-eabi/9.2.1/../../../arm-none-eabi/lib/thumb/v7e-m+fp/hard/libstdc++.a
END GROUP
START GROUP
LOAD /usr/lib/gcc/arm-none-eabi/9.2.1/thumb/v7e-m+fp/hard/libgcc.a
LOAD /usr/lib/gcc/arm-none-eabi/9.2.1/../../../arm-none-eabi/lib/thumb/v7e-m+fp/hard/libc.a
END GROUP
LOAD /usr/lib/gcc/arm-none-eabi/9.2.1/thumb/v7e-m+fp/hard/crtend.o
LOAD /usr/lib/gcc/arm-none-eabi/9.2.1/thumb/v7e-m+fp/hard/crtn.o
START GROUP
LOAD /usr/lib/gcc/arm-none-eabi/9.2.1/thumb/v7e-m+fp/hard/libgcc.a
LOAD /usr/lib/gcc/arm-none-eabi/9.2.1/../../../arm-none-eabi/lib/thumb/v7e-m+fp/hard/libc.a
LOAD /usr/lib/gcc/arm-none-eabi/9.2.1/../../../arm-none-eabi/lib/thumb/v7e-m+fp/hard/libnosys.a
END GROUP

.tm_clone_table
                0x00000000200009cc        0x0 load address 0x000000000000b538
 .tm_clone_table
                0x00000000200009cc        0x0 /usr/lib/gcc/arm-none-eabi/9.2.1/thumb/v7e-m+fp/hard/crtbegin.o
 .tm_clone_table
                0x00000000200009cc        0x0 /usr/lib/gcc/arm-none-eabi/9.2.1/thumb/v7e-m+fp/hard/crtend.o

.igot.plt       0x00000000200009cc        0x0 load address 0x000000000000b538
 .igot.plt      0x00000000200009cc        0x0 /usr/lib/gcc/arm-none-eabi/9.2.1/thumb/v7e-m+fp/hard/crtbegin.o
                0x00000000200009cc                . = ALIGN (0x4)

.mem_section_dummy_ram

.log_dynamic_data
                0x00000000200009cc        0x0
                0x00000000200009cc                PROVIDE (__start_log_dynamic_data = .)
 *(SORT_BY_NAME(.log_dynamic_data*))
                [!provide]                        PROVIDE (__stop_log_dynamic_data = .)

.fs_data        0x00000000200009cc        0x0
                [!provide]                        PROVIDE (__start_fs_data = .)
 *(.fs_data)
                [!provide]                        PROVIDE (__stop_fs_data = .)

.cli_sorted_cmd_ptrs
                0x00000000200009cc        0x0
                [!provide]                        PROVIDE (__start_cli_sorted_cmd_ptrs = .)
 *(.cli_sorted_cmd_ptrs)
                [!provide]                        PROVIDE (__stop_cli_sorted_cmd_ptrs = .)

.bss            0x00000000200009cc      0xa8c load address 0x000000000000b538
                0x00000000200009cc                . = ALIGN (0x4)
                0x00000000200009cc                __bss_start__ = .
 *(.bss*)
 .bss           0x00000000200009cc       0x1c /usr/lib/gcc/arm-none-eabi/9.2.1/thumb/v7e-m+fp/hard/crtbegin.o
 .bss.linked_list
                0x00000000200009e8        0x4 _build/virtual_timer_linked_list.o
 .bss.m_error_data.8145
                0x00000000200009ec       0x20 _build/app_error.o
 .bss.m_op_queue
                0x0000000020000a0c      0x10c _build/app_timer.o
 .bss.m_rtc1_reset
                0x0000000020000b18        0x1 _build/app_timer.o
 .bss.m_rtc1_running
                0x0000000020000b19        0x1 _build/app_timer.o
 *fill*         0x0000000020000b1a        0x2 
 .bss.m_ticks_elapsed
                0x0000000020000b1c        0x8 _build/app_timer.o
 .bss.m_ticks_elapsed_q_read_ind
                0x0000000020000b24        0x1 _build/app_timer.o
 .bss.m_ticks_elapsed_q_write_ind
                0x0000000020000b25        0x1 _build/app_timer.o
 *fill*         0x0000000020000b26        0x2 
 .bss.m_ticks_latest
                0x0000000020000b28        0x4 _build/app_timer.o
 .bss.mp_timer_id_head
                0x0000000020000b2c        0x4 _build/app_timer.o
 .bss.m_in_critical_region
                0x0000000020000b30        0x4 _build/app_util_platform.o
 .bss.m_host_present
                0x0000000020000b34        0x1 _build/nrf_log_backend_rtt.o
 .bss.m_string_buff
                0x0000000020000b35       0x40 _build/nrf_log_backend_rtt.o
 *fill*         0x0000000020000b75        0x3 
 .bss.log_mempool_nrf_balloc_cb
                0x0000000020000b78        0x8 _build/nrf_log_frontend.o
 .bss.log_mempool_nrf_balloc_pool_mem
                0x0000000020000b80       0xc0 _build/nrf_log_frontend.o
 .bss.log_mempool_nrf_balloc_pool_stack
                0x0000000020000c40        0x8 _build/nrf_log_frontend.o
 .bss.m_log_data
                0x0000000020000c48      0x424 _build/nrf_log_frontend.o
 .bss.m_log_push_ringbuf_buf
                0x000000002000106c       0x80 _build/nrf_log_frontend.o
 .bss.m_log_push_ringbuf_cb
                0x00000000200010ec       0x18 _build/nrf_log_frontend.o
 .bss.m_prs_box_4
                0x0000000020001104        0x8 _build/nrfx_prs.o
 .bss.m_cb      0x000000002000110c       0x30 _build/nrfx_saadc.o
 .bss.m_cb      0x000000002000113c       0x24 _build/nrfx_spim.o
 .bss.m_cb      0x0000000020001160       0x34 _build/nrfx_twim.o
 .bss._acDownBuffer
                0x0000000020001194       0x10 _build/SEGGER_RTT.o
 .bss._acUpBuffer
                0x00000000200011a4      0x200 _build/SEGGER_RTT.o
 .bss           0x00000000200013a4       0x34 /usr/lib/gcc/arm-none-eabi/9.2.1/../../../arm-none-eabi/lib/thumb/v7e-m+fp/hard/libc.a(lib_a-mallocr.o)
                0x00000000200013a4                __malloc_top_pad
                0x00000000200013a8                __malloc_current_mallinfo
                0x00000000200013d0                __malloc_max_sbrked_mem
                0x00000000200013d4                __malloc_max_total_mem
 .bss           0x00000000200013d8        0x4 /usr/lib/gcc/arm-none-eabi/9.2.1/../../../arm-none-eabi/lib/thumb/v7e-m+fp/hard/libnosys.a(sbrk.o)
 *(COMMON)
 COMMON         0x00000000200013dc       0x78 _build/SEGGER_RTT.o
                0x00000000200013dc                _SEGGER_RTT
 COMMON         0x0000000020001454        0x4 /usr/lib/gcc/arm-none-eabi/9.2.1/../../../arm-none-eabi/lib/thumb/v7e-m+fp/hard/libc.a(lib_a-reent.o)
                0x0000000020001454                errno
                0x0000000020001458                . = ALIGN (0x4)
                0x0000000020001458                __bss_end__ = .

.heap           0x0000000020001458     0x2000
                0x0000000020001458                __HeapBase = .
                0x0000000020001458                __end__ = .
                0x0000000020001458                PROVIDE (end = .)
 *(.heap*)
 .heap          0x0000000020001458     0x2000 _build/gcc_startup_nrf52.os
                0x0000000020003458                __HeapLimit = .

.stack_dummy    0x0000000020001458     0x2000
 *(.stack*)
 .stack         0x0000000020001458     0x2000 _build/gcc_startup_nrf52.os
                0x0000000020010000                __StackTop = (ORIGIN (RAM) + LENGTH (RAM))
                0x000000002000e000                __StackLimit = (__StackTop - SIZEOF (.stack_dummy))
                0x0000000020010000                PROVIDE (__stack = __StackTop)
                0x0000000000000001                ASSERT ((__StackLimit >= __HeapLimit), region RAM overflowed with stack)
                0x00000000000009cc                DataInitFlashUsed = (__bss_start__ - __data_start__)
                0x000000000000ab6c                CodeFlashUsed = (__etext - ORIGIN (FLASH))
                0x000000000000b538                TotalFlashUsed = (CodeFlashUsed + DataInitFlashUsed)
                0x0000000000000001                ASSERT ((TotalFlashUsed <= LENGTH (FLASH)), region FLASH overflowed with .data and user data)
OUTPUT(_build/test_ultrasonic_sdk15_blank.elf elf32-littlearm)
LOAD linker stubs

.ARM.attributes
                0x0000000000000000       0x30
 .ARM.attributes
                0x0000000000000000       0x1e /usr/lib/gcc/arm-none-eabi/9.2.1/thumb/v7e-m+fp/hard/crti.o
 .ARM.attributes
                0x000000000000001e       0x34 /usr/lib/gcc/arm-none-eabi/9.2.1/thumb/v7e-m+fp/hard/crtbegin.o
 .ARM.attributes
                0x0000000000000052       0x1c /usr/lib/gcc/arm-none-eabi/9.2.1/../../../arm-none-eabi/lib/thumb/v7e-m+fp/hard/crt0.o
 .ARM.attributes
                0x000000000000006e       0x34 _build/virtual_timer_linked_list.o
 .ARM.attributes
                0x00000000000000a2       0x34 _build/gpio.o
 .ARM.attributes
                0x00000000000000d6       0x34 _build/main.o
 .ARM.attributes
                0x000000000000010a       0x34 _build/virtual_timer.o
 .ARM.attributes
                0x000000000000013e       0x34 _build/app_error.o
 .ARM.attributes
                0x0000000000000172       0x34 _build/app_error_handler_gcc.o
 .ARM.attributes
                0x00000000000001a6       0x34 _build/app_timer.o
 .ARM.attributes
                0x00000000000001da       0x34 _build/app_util_platform.o
 .ARM.attributes
                0x000000000000020e       0x34 _build/before_startup.o
 .ARM.attributes
                0x0000000000000242       0x34 _build/hardfault_handler_gcc.o
 .ARM.attributes
                0x0000000000000276       0x34 _build/hardfault_implementation.o
 .ARM.attributes
                0x00000000000002aa       0x34 _build/nrf_assert.o
 .ARM.attributes
                0x00000000000002de       0x34 _build/nrf_atomic.o
 .ARM.attributes
                0x0000000000000312       0x34 _build/nrf_balloc.o
 .ARM.attributes
                0x0000000000000346       0x34 _build/nrf_fprintf.o
 .ARM.attributes
                0x000000000000037a       0x34 _build/nrf_fprintf_format.o
 .ARM.attributes
                0x00000000000003ae       0x34 _build/nrf_log_backend_rtt.o
 .ARM.attributes
                0x00000000000003e2       0x34 _build/nrf_log_backend_serial.o
 .ARM.attributes
                0x0000000000000416       0x34 _build/nrf_log_default_backends.o
 .ARM.attributes
                0x000000000000044a       0x34 _build/nrf_log_frontend.o
 .ARM.attributes
                0x000000000000047e       0x34 _build/nrf_log_str_formatter.o
 .ARM.attributes
                0x00000000000004b2       0x34 _build/nrf_pwr_mgmt.o
 .ARM.attributes
                0x00000000000004e6       0x34 _build/nrf_ringbuf.o
 .ARM.attributes
                0x000000000000051a       0x34 _build/nrf_memobj.o
 .ARM.attributes
                0x000000000000054e       0x34 _build/nrf_strerror.o
 .ARM.attributes
                0x0000000000000582       0x34 _build/nrfx_prs.o
 .ARM.attributes
                0x00000000000005b6       0x34 _build/nrfx_saadc.o
 .ARM.attributes
                0x00000000000005ea       0x34 _build/nrfx_spim.o
 .ARM.attributes
                0x000000000000061e       0x34 _build/nrfx_twim.o
 .ARM.attributes
                0x0000000000000652       0x34 _build/nrfx_uart.o
 .ARM.attributes
                0x0000000000000686       0x34 _build/nrfx_uarte.o
 .ARM.attributes
                0x00000000000006ba       0x34 _build/SEGGER_RTT.o
 .ARM.attributes
                0x00000000000006ee       0x34 _build/SEGGER_RTT_Syscalls_GCC.o
 .ARM.attributes
                0x0000000000000722       0x34 _build/system_nrf52.o
 .ARM.attributes
                0x0000000000000756       0x34 _build/app_error_weak.o
 .ARM.attributes
                0x000000000000078a       0x1c _build/gcc_startup_nrf52.os
 .ARM.attributes
                0x00000000000007a6       0x34 /usr/lib/gcc/arm-none-eabi/9.2.1/../../../arm-none-eabi/lib/thumb/v7e-m+fp/hard/libc.a(lib_a-atexit.o)
 .ARM.attributes
                0x00000000000007da       0x32 /usr/lib/gcc/arm-none-eabi/9.2.1/../../../arm-none-eabi/lib/thumb/v7e-m+fp/hard/libc.a(lib_a-ctype_.o)
 .ARM.attributes
                0x000000000000080c       0x34 /usr/lib/gcc/arm-none-eabi/9.2.1/../../../arm-none-eabi/lib/thumb/v7e-m+fp/hard/libc.a(lib_a-exit.o)
 .ARM.attributes
                0x0000000000000840       0x34 /usr/lib/gcc/arm-none-eabi/9.2.1/../../../arm-none-eabi/lib/thumb/v7e-m+fp/hard/libc.a(lib_a-fini.o)
 .ARM.attributes
                0x0000000000000874       0x32 /usr/lib/gcc/arm-none-eabi/9.2.1/../../../arm-none-eabi/lib/thumb/v7e-m+fp/hard/libc.a(lib_a-impure.o)
 .ARM.attributes
                0x00000000000008a6       0x34 /usr/lib/gcc/arm-none-eabi/9.2.1/../../../arm-none-eabi/lib/thumb/v7e-m+fp/hard/libc.a(lib_a-init.o)
 .ARM.attributes
                0x00000000000008da       0x34 /usr/lib/gcc/arm-none-eabi/9.2.1/../../../arm-none-eabi/lib/thumb/v7e-m+fp/hard/libc.a(lib_a-malloc.o)
 .ARM.attributes
                0x000000000000090e       0x34 /usr/lib/gcc/arm-none-eabi/9.2.1/../../../arm-none-eabi/lib/thumb/v7e-m+fp/hard/libc.a(lib_a-mallocr.o)
 .ARM.attributes
                0x0000000000000942       0x1c /usr/lib/gcc/arm-none-eabi/9.2.1/../../../arm-none-eabi/lib/thumb/v7e-m+fp/hard/libc.a(lib_a-memcpy.o)
 .ARM.attributes
                0x000000000000095e       0x34 /usr/lib/gcc/arm-none-eabi/9.2.1/../../../arm-none-eabi/lib/thumb/v7e-m+fp/hard/libc.a(lib_a-memset.o)
 .ARM.attributes
                0x0000000000000992       0x34 /usr/lib/gcc/arm-none-eabi/9.2.1/../../../arm-none-eabi/lib/thumb/v7e-m+fp/hard/libc.a(lib_a-mlock.o)
 .ARM.attributes
                0x00000000000009c6       0x34 /usr/lib/gcc/arm-none-eabi/9.2.1/../../../arm-none-eabi/lib/thumb/v7e-m+fp/hard/libc.a(lib_a-printf.o)
 .ARM.attributes
                0x00000000000009fa       0x34 /usr/lib/gcc/arm-none-eabi/9.2.1/../../../arm-none-eabi/lib/thumb/v7e-m+fp/hard/libc.a(lib_a-sbrkr.o)
 .ARM.attributes
                0x0000000000000a2e       0x34 /usr/lib/gcc/arm-none-eabi/9.2.1/../../../arm-none-eabi/lib/thumb/v7e-m+fp/hard/libc.a(lib_a-setbuf.o)
 .ARM.attributes
                0x0000000000000a62       0x34 /usr/lib/gcc/arm-none-eabi/9.2.1/../../../arm-none-eabi/lib/thumb/v7e-m+fp/hard/libc.a(lib_a-setvbuf.o)
 .ARM.attributes
                0x0000000000000a96       0x34 /usr/lib/gcc/arm-none-eabi/9.2.1/../../../arm-none-eabi/lib/thumb/v7e-m+fp/hard/libc.a(lib_a-strcpy.o)
 .ARM.attributes
                0x0000000000000aca       0x1c /usr/lib/gcc/arm-none-eabi/9.2.1/../../../arm-none-eabi/lib/thumb/v7e-m+fp/hard/libc.a(lib_a-strlen.o)
 .ARM.attributes
                0x0000000000000ae6       0x34 /usr/lib/gcc/arm-none-eabi/9.2.1/../../../arm-none-eabi/lib/thumb/v7e-m+fp/hard/libc.a(lib_a-vfprintf.o)
 .ARM.attributes
                0x0000000000000b1a       0x34 /usr/lib/gcc/arm-none-eabi/9.2.1/../../../arm-none-eabi/lib/thumb/v7e-m+fp/hard/libc.a(lib_a-wsetup.o)
 .ARM.attributes
                0x0000000000000b4e       0x34 /usr/lib/gcc/arm-none-eabi/9.2.1/../../../arm-none-eabi/lib/thumb/v7e-m+fp/hard/libc.a(lib_a-__atexit.o)
 .ARM.attributes
                0x0000000000000b82       0x34 /usr/lib/gcc/arm-none-eabi/9.2.1/../../../arm-none-eabi/lib/thumb/v7e-m+fp/hard/libc.a(lib_a-__call_atexit.o)
 .ARM.attributes
                0x0000000000000bb6       0x34 /usr/lib/gcc/arm-none-eabi/9.2.1/../../../arm-none-eabi/lib/thumb/v7e-m+fp/hard/libc.a(lib_a-dtoa.o)
 .ARM.attributes
                0x0000000000000bea       0x34 /usr/lib/gcc/arm-none-eabi/9.2.1/../../../arm-none-eabi/lib/thumb/v7e-m+fp/hard/libc.a(lib_a-fflush.o)
 .ARM.attributes
                0x0000000000000c1e       0x34 /usr/lib/gcc/arm-none-eabi/9.2.1/../../../arm-none-eabi/lib/thumb/v7e-m+fp/hard/libc.a(lib_a-findfp.o)
 .ARM.attributes
                0x0000000000000c52       0x34 /usr/lib/gcc/arm-none-eabi/9.2.1/../../../arm-none-eabi/lib/thumb/v7e-m+fp/hard/libc.a(lib_a-freer.o)
 .ARM.attributes
                0x0000000000000c86       0x34 /usr/lib/gcc/arm-none-eabi/9.2.1/../../../arm-none-eabi/lib/thumb/v7e-m+fp/hard/libc.a(lib_a-fwalk.o)
 .ARM.attributes
                0x0000000000000cba       0x34 /usr/lib/gcc/arm-none-eabi/9.2.1/../../../arm-none-eabi/lib/thumb/v7e-m+fp/hard/libc.a(lib_a-localeconv.o)
 .ARM.attributes
                0x0000000000000cee       0x34 /usr/lib/gcc/arm-none-eabi/9.2.1/../../../arm-none-eabi/lib/thumb/v7e-m+fp/hard/libc.a(lib_a-makebuf.o)
 .ARM.attributes
                0x0000000000000d22       0x1c /usr/lib/gcc/arm-none-eabi/9.2.1/../../../arm-none-eabi/lib/thumb/v7e-m+fp/hard/libc.a(lib_a-memchr.o)
 .ARM.attributes
                0x0000000000000d3e       0x34 /usr/lib/gcc/arm-none-eabi/9.2.1/../../../arm-none-eabi/lib/thumb/v7e-m+fp/hard/libc.a(lib_a-mprec.o)
 .ARM.attributes
                0x0000000000000d72       0x34 /usr/lib/gcc/arm-none-eabi/9.2.1/../../../arm-none-eabi/lib/thumb/v7e-m+fp/hard/libc.a(lib_a-reent.o)
 .ARM.attributes
                0x0000000000000da6       0x34 /usr/lib/gcc/arm-none-eabi/9.2.1/../../../arm-none-eabi/lib/thumb/v7e-m+fp/hard/libc.a(lib_a-stdio.o)
 .ARM.attributes
                0x0000000000000dda       0x34 /usr/lib/gcc/arm-none-eabi/9.2.1/../../../arm-none-eabi/lib/thumb/v7e-m+fp/hard/libc.a(lib_a-vfiprintf.o)
 .ARM.attributes
                0x0000000000000e0e       0x34 /usr/lib/gcc/arm-none-eabi/9.2.1/../../../arm-none-eabi/lib/thumb/v7e-m+fp/hard/libc.a(lib_a-assert.o)
 .ARM.attributes
                0x0000000000000e42       0x34 /usr/lib/gcc/arm-none-eabi/9.2.1/../../../arm-none-eabi/lib/thumb/v7e-m+fp/hard/libc.a(lib_a-callocr.o)
 .ARM.attributes
                0x0000000000000e76       0x34 /usr/lib/gcc/arm-none-eabi/9.2.1/../../../arm-none-eabi/lib/thumb/v7e-m+fp/hard/libc.a(lib_a-closer.o)
 .ARM.attributes
                0x0000000000000eaa       0x34 /usr/lib/gcc/arm-none-eabi/9.2.1/../../../arm-none-eabi/lib/thumb/v7e-m+fp/hard/libc.a(lib_a-fclose.o)
 .ARM.attributes
                0x0000000000000ede       0x34 /usr/lib/gcc/arm-none-eabi/9.2.1/../../../arm-none-eabi/lib/thumb/v7e-m+fp/hard/libc.a(lib_a-fiprintf.o)
 .ARM.attributes
                0x0000000000000f12       0x34 /usr/lib/gcc/arm-none-eabi/9.2.1/../../../arm-none-eabi/lib/thumb/v7e-m+fp/hard/libc.a(lib_a-fputwc.o)
 .ARM.attributes
                0x0000000000000f46       0x34 /usr/lib/gcc/arm-none-eabi/9.2.1/../../../arm-none-eabi/lib/thumb/v7e-m+fp/hard/libc.a(lib_a-fstatr.o)
 .ARM.attributes
                0x0000000000000f7a       0x34 /usr/lib/gcc/arm-none-eabi/9.2.1/../../../arm-none-eabi/lib/thumb/v7e-m+fp/hard/libc.a(lib_a-fvwrite.o)
 .ARM.attributes
                0x0000000000000fae       0x34 /usr/lib/gcc/arm-none-eabi/9.2.1/../../../arm-none-eabi/lib/thumb/v7e-m+fp/hard/libc.a(lib_a-isattyr.o)
 .ARM.attributes
                0x0000000000000fe2       0x34 /usr/lib/gcc/arm-none-eabi/9.2.1/../../../arm-none-eabi/lib/thumb/v7e-m+fp/hard/libc.a(lib_a-locale.o)
 .ARM.attributes
                0x0000000000001016       0x34 /usr/lib/gcc/arm-none-eabi/9.2.1/../../../arm-none-eabi/lib/thumb/v7e-m+fp/hard/libc.a(lib_a-lseekr.o)
 .ARM.attributes
                0x000000000000104a       0x34 /usr/lib/gcc/arm-none-eabi/9.2.1/../../../arm-none-eabi/lib/thumb/v7e-m+fp/hard/libc.a(lib_a-mbtowc_r.o)
 .ARM.attributes
                0x000000000000107e       0x34 /usr/lib/gcc/arm-none-eabi/9.2.1/../../../arm-none-eabi/lib/thumb/v7e-m+fp/hard/libc.a(lib_a-memmove.o)
 .ARM.attributes
                0x00000000000010b2       0x34 /usr/lib/gcc/arm-none-eabi/9.2.1/../../../arm-none-eabi/lib/thumb/v7e-m+fp/hard/libc.a(lib_a-readr.o)
 .ARM.attributes
                0x00000000000010e6       0x34 /usr/lib/gcc/arm-none-eabi/9.2.1/../../../arm-none-eabi/lib/thumb/v7e-m+fp/hard/libc.a(lib_a-reallocr.o)
 .ARM.attributes
                0x000000000000111a       0x1c /usr/lib/gcc/arm-none-eabi/9.2.1/../../../arm-none-eabi/lib/thumb/v7e-m+fp/hard/libc.a(lib_a-strcmp.o)
 .ARM.attributes
                0x0000000000001136       0x34 /usr/lib/gcc/arm-none-eabi/9.2.1/../../../arm-none-eabi/lib/thumb/v7e-m+fp/hard/libc.a(lib_a-wbuf.o)
 .ARM.attributes
                0x000000000000116a       0x34 /usr/lib/gcc/arm-none-eabi/9.2.1/../../../arm-none-eabi/lib/thumb/v7e-m+fp/hard/libc.a(lib_a-wcrtomb.o)
 .ARM.attributes
                0x000000000000119e       0x34 /usr/lib/gcc/arm-none-eabi/9.2.1/../../../arm-none-eabi/lib/thumb/v7e-m+fp/hard/libc.a(lib_a-wctomb_r.o)
 .ARM.attributes
                0x00000000000011d2       0x34 /usr/lib/gcc/arm-none-eabi/9.2.1/../../../arm-none-eabi/lib/thumb/v7e-m+fp/hard/libc.a(lib_a-abort.o)
 .ARM.attributes
                0x0000000000001206       0x34 /usr/lib/gcc/arm-none-eabi/9.2.1/../../../arm-none-eabi/lib/thumb/v7e-m+fp/hard/libc.a(lib_a-signal.o)
 .ARM.attributes
                0x000000000000123a       0x34 /usr/lib/gcc/arm-none-eabi/9.2.1/../../../arm-none-eabi/lib/thumb/v7e-m+fp/hard/libc.a(lib_a-signalr.o)
 .ARM.attributes
                0x000000000000126e       0x34 /usr/lib/gcc/arm-none-eabi/9.2.1/../../../arm-none-eabi/lib/thumb/v7e-m+fp/hard/libnosys.a(close.o)
 .ARM.attributes
                0x00000000000012a2       0x34 /usr/lib/gcc/arm-none-eabi/9.2.1/../../../arm-none-eabi/lib/thumb/v7e-m+fp/hard/libnosys.a(fstat.o)
 .ARM.attributes
                0x00000000000012d6       0x34 /usr/lib/gcc/arm-none-eabi/9.2.1/../../../arm-none-eabi/lib/thumb/v7e-m+fp/hard/libnosys.a(getpid.o)
 .ARM.attributes
                0x000000000000130a       0x34 /usr/lib/gcc/arm-none-eabi/9.2.1/../../../arm-none-eabi/lib/thumb/v7e-m+fp/hard/libnosys.a(isatty.o)
 .ARM.attributes
                0x000000000000133e       0x34 /usr/lib/gcc/arm-none-eabi/9.2.1/../../../arm-none-eabi/lib/thumb/v7e-m+fp/hard/libnosys.a(kill.o)
 .ARM.attributes
                0x0000000000001372       0x34 /usr/lib/gcc/arm-none-eabi/9.2.1/../../../arm-none-eabi/lib/thumb/v7e-m+fp/hard/libnosys.a(lseek.o)
 .ARM.attributes
                0x00000000000013a6       0x34 /usr/lib/gcc/arm-none-eabi/9.2.1/../../../arm-none-eabi/lib/thumb/v7e-m+fp/hard/libnosys.a(read.o)
 .ARM.attributes
                0x00000000000013da       0x34 /usr/lib/gcc/arm-none-eabi/9.2.1/../../../arm-none-eabi/lib/thumb/v7e-m+fp/hard/libnosys.a(sbrk.o)
 .ARM.attributes
                0x000000000000140e       0x34 /usr/lib/gcc/arm-none-eabi/9.2.1/../../../arm-none-eabi/lib/thumb/v7e-m+fp/hard/libnosys.a(_exit.o)
 .ARM.attributes
                0x0000000000001442       0x1e /usr/lib/gcc/arm-none-eabi/9.2.1/thumb/v7e-m+fp/hard/libgcc.a(_arm_addsubdf3.o)
 .ARM.attributes
                0x0000000000001460       0x1e /usr/lib/gcc/arm-none-eabi/9.2.1/thumb/v7e-m+fp/hard/libgcc.a(_arm_muldivdf3.o)
 .ARM.attributes
                0x000000000000147e       0x1e /usr/lib/gcc/arm-none-eabi/9.2.1/thumb/v7e-m+fp/hard/libgcc.a(_arm_cmpdf2.o)
 .ARM.attributes
                0x000000000000149c       0x1e /usr/lib/gcc/arm-none-eabi/9.2.1/thumb/v7e-m+fp/hard/libgcc.a(_arm_unorddf2.o)
 .ARM.attributes
                0x00000000000014ba       0x1e /usr/lib/gcc/arm-none-eabi/9.2.1/thumb/v7e-m+fp/hard/libgcc.a(_arm_fixdfsi.o)
 .ARM.attributes
                0x00000000000014d8       0x1e /usr/lib/gcc/arm-none-eabi/9.2.1/thumb/v7e-m+fp/hard/libgcc.a(_aeabi_uldivmod.o)
 .ARM.attributes
                0x00000000000014f6       0x34 /usr/lib/gcc/arm-none-eabi/9.2.1/thumb/v7e-m+fp/hard/libgcc.a(_udivmoddi4.o)
 .ARM.attributes
                0x000000000000152a       0x1e /usr/lib/gcc/arm-none-eabi/9.2.1/thumb/v7e-m+fp/hard/libgcc.a(_dvmd_tls.o)
 .ARM.attributes
                0x0000000000001548       0x32 /usr/lib/gcc/arm-none-eabi/9.2.1/thumb/v7e-m+fp/hard/crtend.o
 .ARM.attributes
                0x000000000000157a       0x1e /usr/lib/gcc/arm-none-eabi/9.2.1/thumb/v7e-m+fp/hard/crtn.o

.comment        0x0000000000000000       0xa7
 .comment       0x0000000000000000       0x59 /usr/lib/gcc/arm-none-eabi/9.2.1/thumb/v7e-m+fp/hard/crtbegin.o
                                         0x5a (size before relaxing)
 .comment       0x0000000000000059       0x5a _build/virtual_timer_linked_list.o
 .comment       0x0000000000000059       0x5a _build/gpio.o
 .comment       0x0000000000000059       0x5a _build/main.o
 .comment       0x0000000000000059       0x5a _build/virtual_timer.o
 .comment       0x0000000000000059       0x5a _build/app_error.o
 .comment       0x0000000000000059       0x5a _build/app_error_handler_gcc.o
 .comment       0x0000000000000059       0x5a _build/app_timer.o
 .comment       0x0000000000000059       0x5a _build/app_util_platform.o
 .comment       0x0000000000000059       0x5a _build/before_startup.o
 .comment       0x0000000000000059       0x5a _build/hardfault_handler_gcc.o
 .comment       0x0000000000000059       0x5a _build/hardfault_implementation.o
 .comment       0x0000000000000059       0x5a _build/nrf_assert.o
 .comment       0x0000000000000059       0x5a _build/nrf_atomic.o
 .comment       0x0000000000000059       0x5a _build/nrf_balloc.o
 .comment       0x0000000000000059       0x5a _build/nrf_fprintf.o
 .comment       0x0000000000000059       0x5a _build/nrf_fprintf_format.o
 .comment       0x0000000000000059       0x5a _build/nrf_log_backend_rtt.o
 .comment       0x0000000000000059       0x5a _build/nrf_log_backend_serial.o
 .comment       0x0000000000000059       0x5a _build/nrf_log_default_backends.o
 .comment       0x0000000000000059       0x5a _build/nrf_log_frontend.o
 .comment       0x0000000000000059       0x5a _build/nrf_log_str_formatter.o
 .comment       0x0000000000000059       0x5a _build/nrf_pwr_mgmt.o
 .comment       0x0000000000000059       0x5a _build/nrf_ringbuf.o
 .comment       0x0000000000000059       0x5a _build/nrf_memobj.o
 .comment       0x0000000000000059       0x5a _build/nrf_strerror.o
 .comment       0x0000000000000059       0x5a _build/nrfx_prs.o
 .comment       0x0000000000000059       0x5a _build/nrfx_saadc.o
 .comment       0x0000000000000059       0x5a _build/nrfx_spim.o
 .comment       0x0000000000000059       0x5a _build/nrfx_twim.o
 .comment       0x0000000000000059       0x5a _build/nrfx_uart.o
 .comment       0x0000000000000059       0x5a _build/nrfx_uarte.o
 .comment       0x0000000000000059       0x5a _build/SEGGER_RTT.o
 .comment       0x0000000000000059       0x5a _build/SEGGER_RTT_Syscalls_GCC.o
 .comment       0x0000000000000059       0x5a _build/system_nrf52.o
 .comment       0x0000000000000059       0x5a _build/app_error_weak.o
 .comment       0x0000000000000059       0x4e /usr/lib/gcc/arm-none-eabi/9.2.1/../../../arm-none-eabi/lib/thumb/v7e-m+fp/hard/libc.a(lib_a-atexit.o)
                                         0x4f (size before relaxing)
 .comment       0x00000000000000a7       0x4f /usr/lib/gcc/arm-none-eabi/9.2.1/../../../arm-none-eabi/lib/thumb/v7e-m+fp/hard/libc.a(lib_a-ctype_.o)
 .comment       0x00000000000000a7       0x4f /usr/lib/gcc/arm-none-eabi/9.2.1/../../../arm-none-eabi/lib/thumb/v7e-m+fp/hard/libc.a(lib_a-exit.o)
 .comment       0x00000000000000a7       0x4f /usr/lib/gcc/arm-none-eabi/9.2.1/../../../arm-none-eabi/lib/thumb/v7e-m+fp/hard/libc.a(lib_a-fini.o)
 .comment       0x00000000000000a7       0x4f /usr/lib/gcc/arm-none-eabi/9.2.1/../../../arm-none-eabi/lib/thumb/v7e-m+fp/hard/libc.a(lib_a-impure.o)
 .comment       0x00000000000000a7       0x4f /usr/lib/gcc/arm-none-eabi/9.2.1/../../../arm-none-eabi/lib/thumb/v7e-m+fp/hard/libc.a(lib_a-init.o)
 .comment       0x00000000000000a7       0x4f /usr/lib/gcc/arm-none-eabi/9.2.1/../../../arm-none-eabi/lib/thumb/v7e-m+fp/hard/libc.a(lib_a-malloc.o)
 .comment       0x00000000000000a7       0x4f /usr/lib/gcc/arm-none-eabi/9.2.1/../../../arm-none-eabi/lib/thumb/v7e-m+fp/hard/libc.a(lib_a-mallocr.o)
 .comment       0x00000000000000a7       0x4f /usr/lib/gcc/arm-none-eabi/9.2.1/../../../arm-none-eabi/lib/thumb/v7e-m+fp/hard/libc.a(lib_a-memset.o)
 .comment       0x00000000000000a7       0x4f /usr/lib/gcc/arm-none-eabi/9.2.1/../../../arm-none-eabi/lib/thumb/v7e-m+fp/hard/libc.a(lib_a-mlock.o)
 .comment       0x00000000000000a7       0x4f /usr/lib/gcc/arm-none-eabi/9.2.1/../../../arm-none-eabi/lib/thumb/v7e-m+fp/hard/libc.a(lib_a-printf.o)
 .comment       0x00000000000000a7       0x4f /usr/lib/gcc/arm-none-eabi/9.2.1/../../../arm-none-eabi/lib/thumb/v7e-m+fp/hard/libc.a(lib_a-sbrkr.o)
 .comment       0x00000000000000a7       0x4f /usr/lib/gcc/arm-none-eabi/9.2.1/../../../arm-none-eabi/lib/thumb/v7e-m+fp/hard/libc.a(lib_a-setbuf.o)
 .comment       0x00000000000000a7       0x4f /usr/lib/gcc/arm-none-eabi/9.2.1/../../../arm-none-eabi/lib/thumb/v7e-m+fp/hard/libc.a(lib_a-setvbuf.o)
 .comment       0x00000000000000a7       0x4f /usr/lib/gcc/arm-none-eabi/9.2.1/../../../arm-none-eabi/lib/thumb/v7e-m+fp/hard/libc.a(lib_a-strcpy.o)
 .comment       0x00000000000000a7       0x4f /usr/lib/gcc/arm-none-eabi/9.2.1/../../../arm-none-eabi/lib/thumb/v7e-m+fp/hard/libc.a(lib_a-vfprintf.o)
 .comment       0x00000000000000a7       0x4f /usr/lib/gcc/arm-none-eabi/9.2.1/../../../arm-none-eabi/lib/thumb/v7e-m+fp/hard/libc.a(lib_a-wsetup.o)
 .comment       0x00000000000000a7       0x4f /usr/lib/gcc/arm-none-eabi/9.2.1/../../../arm-none-eabi/lib/thumb/v7e-m+fp/hard/libc.a(lib_a-__atexit.o)
 .comment       0x00000000000000a7       0x4f /usr/lib/gcc/arm-none-eabi/9.2.1/../../../arm-none-eabi/lib/thumb/v7e-m+fp/hard/libc.a(lib_a-__call_atexit.o)
 .comment       0x00000000000000a7       0x4f /usr/lib/gcc/arm-none-eabi/9.2.1/../../../arm-none-eabi/lib/thumb/v7e-m+fp/hard/libc.a(lib_a-dtoa.o)
 .comment       0x00000000000000a7       0x4f /usr/lib/gcc/arm-none-eabi/9.2.1/../../../arm-none-eabi/lib/thumb/v7e-m+fp/hard/libc.a(lib_a-fflush.o)
 .comment       0x00000000000000a7       0x4f /usr/lib/gcc/arm-none-eabi/9.2.1/../../../arm-none-eabi/lib/thumb/v7e-m+fp/hard/libc.a(lib_a-findfp.o)
 .comment       0x00000000000000a7       0x4f /usr/lib/gcc/arm-none-eabi/9.2.1/../../../arm-none-eabi/lib/thumb/v7e-m+fp/hard/libc.a(lib_a-freer.o)
 .comment       0x00000000000000a7       0x4f /usr/lib/gcc/arm-none-eabi/9.2.1/../../../arm-none-eabi/lib/thumb/v7e-m+fp/hard/libc.a(lib_a-fwalk.o)
 .comment       0x00000000000000a7       0x4f /usr/lib/gcc/arm-none-eabi/9.2.1/../../../arm-none-eabi/lib/thumb/v7e-m+fp/hard/libc.a(lib_a-localeconv.o)
 .comment       0x00000000000000a7       0x4f /usr/lib/gcc/arm-none-eabi/9.2.1/../../../arm-none-eabi/lib/thumb/v7e-m+fp/hard/libc.a(lib_a-makebuf.o)
 .comment       0x00000000000000a7       0x4f /usr/lib/gcc/arm-none-eabi/9.2.1/../../../arm-none-eabi/lib/thumb/v7e-m+fp/hard/libc.a(lib_a-mprec.o)
 .comment       0x00000000000000a7       0x4f /usr/lib/gcc/arm-none-eabi/9.2.1/../../../arm-none-eabi/lib/thumb/v7e-m+fp/hard/libc.a(lib_a-reent.o)
 .comment       0x00000000000000a7       0x4f /usr/lib/gcc/arm-none-eabi/9.2.1/../../../arm-none-eabi/lib/thumb/v7e-m+fp/hard/libc.a(lib_a-stdio.o)
 .comment       0x00000000000000a7       0x4f /usr/lib/gcc/arm-none-eabi/9.2.1/../../../arm-none-eabi/lib/thumb/v7e-m+fp/hard/libc.a(lib_a-vfiprintf.o)
 .comment       0x00000000000000a7       0x4f /usr/lib/gcc/arm-none-eabi/9.2.1/../../../arm-none-eabi/lib/thumb/v7e-m+fp/hard/libc.a(lib_a-assert.o)
 .comment       0x00000000000000a7       0x4f /usr/lib/gcc/arm-none-eabi/9.2.1/../../../arm-none-eabi/lib/thumb/v7e-m+fp/hard/libc.a(lib_a-callocr.o)
 .comment       0x00000000000000a7       0x4f /usr/lib/gcc/arm-none-eabi/9.2.1/../../../arm-none-eabi/lib/thumb/v7e-m+fp/hard/libc.a(lib_a-closer.o)
 .comment       0x00000000000000a7       0x4f /usr/lib/gcc/arm-none-eabi/9.2.1/../../../arm-none-eabi/lib/thumb/v7e-m+fp/hard/libc.a(lib_a-fclose.o)
 .comment       0x00000000000000a7       0x4f /usr/lib/gcc/arm-none-eabi/9.2.1/../../../arm-none-eabi/lib/thumb/v7e-m+fp/hard/libc.a(lib_a-fiprintf.o)
 .comment       0x00000000000000a7       0x4f /usr/lib/gcc/arm-none-eabi/9.2.1/../../../arm-none-eabi/lib/thumb/v7e-m+fp/hard/libc.a(lib_a-fputwc.o)
 .comment       0x00000000000000a7       0x4f /usr/lib/gcc/arm-none-eabi/9.2.1/../../../arm-none-eabi/lib/thumb/v7e-m+fp/hard/libc.a(lib_a-fstatr.o)
 .comment       0x00000000000000a7       0x4f /usr/lib/gcc/arm-none-eabi/9.2.1/../../../arm-none-eabi/lib/thumb/v7e-m+fp/hard/libc.a(lib_a-fvwrite.o)
 .comment       0x00000000000000a7       0x4f /usr/lib/gcc/arm-none-eabi/9.2.1/../../../arm-none-eabi/lib/thumb/v7e-m+fp/hard/libc.a(lib_a-isattyr.o)
 .comment       0x00000000000000a7       0x4f /usr/lib/gcc/arm-none-eabi/9.2.1/../../../arm-none-eabi/lib/thumb/v7e-m+fp/hard/libc.a(lib_a-locale.o)
 .comment       0x00000000000000a7       0x4f /usr/lib/gcc/arm-none-eabi/9.2.1/../../../arm-none-eabi/lib/thumb/v7e-m+fp/hard/libc.a(lib_a-lseekr.o)
 .comment       0x00000000000000a7       0x4f /usr/lib/gcc/arm-none-eabi/9.2.1/../../../arm-none-eabi/lib/thumb/v7e-m+fp/hard/libc.a(lib_a-mbtowc_r.o)
 .comment       0x00000000000000a7       0x4f /usr/lib/gcc/arm-none-eabi/9.2.1/../../../arm-none-eabi/lib/thumb/v7e-m+fp/hard/libc.a(lib_a-memmove.o)
 .comment       0x00000000000000a7       0x4f /usr/lib/gcc/arm-none-eabi/9.2.1/../../../arm-none-eabi/lib/thumb/v7e-m+fp/hard/libc.a(lib_a-readr.o)
 .comment       0x00000000000000a7       0x4f /usr/lib/gcc/arm-none-eabi/9.2.1/../../../arm-none-eabi/lib/thumb/v7e-m+fp/hard/libc.a(lib_a-reallocr.o)
 .comment       0x00000000000000a7       0x4f /usr/lib/gcc/arm-none-eabi/9.2.1/../../../arm-none-eabi/lib/thumb/v7e-m+fp/hard/libc.a(lib_a-wbuf.o)
 .comment       0x00000000000000a7       0x4f /usr/lib/gcc/arm-none-eabi/9.2.1/../../../arm-none-eabi/lib/thumb/v7e-m+fp/hard/libc.a(lib_a-wcrtomb.o)
 .comment       0x00000000000000a7       0x4f /usr/lib/gcc/arm-none-eabi/9.2.1/../../../arm-none-eabi/lib/thumb/v7e-m+fp/hard/libc.a(lib_a-wctomb_r.o)
 .comment       0x00000000000000a7       0x4f /usr/lib/gcc/arm-none-eabi/9.2.1/../../../arm-none-eabi/lib/thumb/v7e-m+fp/hard/libc.a(lib_a-abort.o)
 .comment       0x00000000000000a7       0x4f /usr/lib/gcc/arm-none-eabi/9.2.1/../../../arm-none-eabi/lib/thumb/v7e-m+fp/hard/libc.a(lib_a-signal.o)
 .comment       0x00000000000000a7       0x4f /usr/lib/gcc/arm-none-eabi/9.2.1/../../../arm-none-eabi/lib/thumb/v7e-m+fp/hard/libc.a(lib_a-signalr.o)
 .comment       0x00000000000000a7       0x4f /usr/lib/gcc/arm-none-eabi/9.2.1/../../../arm-none-eabi/lib/thumb/v7e-m+fp/hard/libnosys.a(close.o)
 .comment       0x00000000000000a7       0x4f /usr/lib/gcc/arm-none-eabi/9.2.1/../../../arm-none-eabi/lib/thumb/v7e-m+fp/hard/libnosys.a(fstat.o)
 .comment       0x00000000000000a7       0x4f /usr/lib/gcc/arm-none-eabi/9.2.1/../../../arm-none-eabi/lib/thumb/v7e-m+fp/hard/libnosys.a(getpid.o)
 .comment       0x00000000000000a7       0x4f /usr/lib/gcc/arm-none-eabi/9.2.1/../../../arm-none-eabi/lib/thumb/v7e-m+fp/hard/libnosys.a(isatty.o)
 .comment       0x00000000000000a7       0x4f /usr/lib/gcc/arm-none-eabi/9.2.1/../../../arm-none-eabi/lib/thumb/v7e-m+fp/hard/libnosys.a(kill.o)
 .comment       0x00000000000000a7       0x4f /usr/lib/gcc/arm-none-eabi/9.2.1/../../../arm-none-eabi/lib/thumb/v7e-m+fp/hard/libnosys.a(lseek.o)
 .comment       0x00000000000000a7       0x4f /usr/lib/gcc/arm-none-eabi/9.2.1/../../../arm-none-eabi/lib/thumb/v7e-m+fp/hard/libnosys.a(read.o)
 .comment       0x00000000000000a7       0x4f /usr/lib/gcc/arm-none-eabi/9.2.1/../../../arm-none-eabi/lib/thumb/v7e-m+fp/hard/libnosys.a(sbrk.o)
 .comment       0x00000000000000a7       0x4f /usr/lib/gcc/arm-none-eabi/9.2.1/../../../arm-none-eabi/lib/thumb/v7e-m+fp/hard/libnosys.a(_exit.o)
 .comment       0x00000000000000a7       0x5a /usr/lib/gcc/arm-none-eabi/9.2.1/thumb/v7e-m+fp/hard/libgcc.a(_udivmoddi4.o)
 .comment       0x00000000000000a7       0x5a /usr/lib/gcc/arm-none-eabi/9.2.1/thumb/v7e-m+fp/hard/crtend.o

.debug_line     0x0000000000000000     0xdc73
 .debug_line    0x0000000000000000       0x87 /usr/lib/gcc/arm-none-eabi/9.2.1/../../../arm-none-eabi/lib/thumb/v7e-m+fp/hard/crt0.o
 .debug_line    0x0000000000000087      0x14a /usr/lib/gcc/arm-none-eabi/9.2.1/../../../arm-none-eabi/lib/thumb/v7e-m+fp/hard/libc.a(lib_a-atexit.o)
 .debug_line    0x00000000000001d1      0x154 /usr/lib/gcc/arm-none-eabi/9.2.1/../../../arm-none-eabi/lib/thumb/v7e-m+fp/hard/libc.a(lib_a-ctype_.o)
 .debug_line    0x0000000000000325      0x178 /usr/lib/gcc/arm-none-eabi/9.2.1/../../../arm-none-eabi/lib/thumb/v7e-m+fp/hard/libc.a(lib_a-exit.o)
 .debug_line    0x000000000000049d       0xd7 /usr/lib/gcc/arm-none-eabi/9.2.1/../../../arm-none-eabi/lib/thumb/v7e-m+fp/hard/libc.a(lib_a-fini.o)
 .debug_line    0x0000000000000574       0xe3 /usr/lib/gcc/arm-none-eabi/9.2.1/../../../arm-none-eabi/lib/thumb/v7e-m+fp/hard/libc.a(lib_a-impure.o)
 .debug_line    0x0000000000000657      0x10d /usr/lib/gcc/arm-none-eabi/9.2.1/../../../arm-none-eabi/lib/thumb/v7e-m+fp/hard/libc.a(lib_a-init.o)
 .debug_line    0x0000000000000764      0x15e /usr/lib/gcc/arm-none-eabi/9.2.1/../../../arm-none-eabi/lib/thumb/v7e-m+fp/hard/libc.a(lib_a-malloc.o)
 .debug_line    0x00000000000008c2      0x89e /usr/lib/gcc/arm-none-eabi/9.2.1/../../../arm-none-eabi/lib/thumb/v7e-m+fp/hard/libc.a(lib_a-mallocr.o)
 .debug_line    0x0000000000001160       0xbe /usr/lib/gcc/arm-none-eabi/9.2.1/../../../arm-none-eabi/lib/thumb/v7e-m+fp/hard/libc.a(lib_a-memcpy.o)
 .debug_line    0x000000000000121e      0x26b /usr/lib/gcc/arm-none-eabi/9.2.1/../../../arm-none-eabi/lib/thumb/v7e-m+fp/hard/libc.a(lib_a-memset.o)
 .debug_line    0x0000000000001489      0x13d /usr/lib/gcc/arm-none-eabi/9.2.1/../../../arm-none-eabi/lib/thumb/v7e-m+fp/hard/libc.a(lib_a-mlock.o)
 .debug_line    0x00000000000015c6      0x1db /usr/lib/gcc/arm-none-eabi/9.2.1/../../../arm-none-eabi/lib/thumb/v7e-m+fp/hard/libc.a(lib_a-printf.o)
 .debug_line    0x00000000000017a1      0x182 /usr/lib/gcc/arm-none-eabi/9.2.1/../../../arm-none-eabi/lib/thumb/v7e-m+fp/hard/libc.a(lib_a-sbrkr.o)
 .debug_line    0x0000000000001923      0x15f /usr/lib/gcc/arm-none-eabi/9.2.1/../../../arm-none-eabi/lib/thumb/v7e-m+fp/hard/libc.a(lib_a-setbuf.o)